Change Dir: '/Users/runner/work/_temp/passvault-macos-sanitizers01-34893068802-1/build'

Run Build Command(s): /usr/local/bin/cmake -E env VERBOSE=1 /usr/bin/make -f Makefile -j1
/usr/local/bin/cmake -S/Users/runner/work/_temp/passvault-macos-sanitizers01-34893068802-1/source -B/Users/runner/work/_temp/passvault-macos-sanitizers01-34893068802-1/build --check-build-system CMakeFiles/Makefile.cmake 0
/usr/local/bin/cmake -E cmake_progress_start /Users/runner/work/_temp/passvault-macos-sanitizers01-34893068802-1/build/CMakeFiles /Users/runner/work/_temp/passvault-macos-sanitizers01-34893068802-1/build//CMakeFiles/progress.marks
/Applications/Xcode_16.4.app/Contents/Developer/usr/bin/make  -f CMakeFiles/Makefile2 all
/Applications/Xcode_16.4.app/Contents/Developer/usr/bin/make  -f CMakeFiles/passvault_biometric.dir/build.make CMakeFiles/passvault_biometric.dir/depend
cd /Users/runner/work/_temp/passvault-macos-sanitizers01-34893068802-1/build && /usr/local/bin/cmake -E cmake_depends "Unix Makefiles" /Users/runner/work/_temp/passvault-macos-sanitizers01-34893068802-1/source /Users/runner/work/_temp/passvault-macos-sanitizers01-34893068802-1/source /Users/runner/work/_temp/passvault-macos-sanitizers01-34893068802-1/build /Users/runner/work/_temp/passvault-macos-sanitizers01-34893068802-1/build /Users/runner/work/_temp/passvault-macos-sanitizers01-34893068802-1/build/CMakeFiles/passvault_biometric.dir/DependInfo.cmake "--color=" passvault_biometric
/Applications/Xcode_16.4.app/Contents/Developer/usr/bin/make  -f CMakeFiles/passvault_biometric.dir/build.make CMakeFiles/passvault_biometric.dir/build
[ 16%] Building OBJCXX object CMakeFiles/passvault_biometric.dir/src/macos/passvault_biometric_macos.mm.o
/usr/bin/clang++ -DPASSVAULT_BIOMETRIC_BUILD=1 -Dpassvault_biometric_EXPORTS -I/Users/runner/work/_temp/passvault-macos-sanitizers01-34893068802-1/source/include -x objective-c++ -fsanitize=address,undefined -fno-sanitize-recover=all -fno-omit-frame-pointer -g -g -std=c++2a -arch x86_64 -fPIC -fobjc-arc -fvisibility=hidden -fstack-protector-strong -Wall -Wextra -Werror -MD -MT CMakeFiles/passvault_biometric.dir/src/macos/passvault_biometric_macos.mm.o -MF CMakeFiles/passvault_biometric.dir/src/macos/passvault_biometric_macos.mm.o.d -o CMakeFiles/passvault_biometric.dir/src/macos/passvault_biometric_macos.mm.o -c /Users/runner/work/_temp/passvault-macos-sanitizers01-34893068802-1/source/src/macos/passvault_biometric_macos.mm
[ 33%] Linking OBJCXX shared library libpassvault_biometric.dylib
/usr/local/bin/cmake -E cmake_link_script CMakeFiles/passvault_biometric.dir/link.txt --verbose=1
/usr/bin/clang++ -fsanitize=address,undefined -fno-sanitize-recover=all -fno-omit-frame-pointer -g -g -arch x86_64 -dynamiclib -Wl,-headerpad_max_install_names -fsanitize=address,undefined -Wl,-dead_strip -o libpassvault_biometric.dylib -install_name @loader_path/libpassvault_biometric.dylib CMakeFiles/passvault_biometric.dir/src/macos/passvault_biometric_macos.mm.o  -framework Foundation -framework LocalAuthentication -framework Security
[ 33%] Built target passvault_biometric
/Applications/Xcode_16.4.app/Contents/Developer/usr/bin/make  -f CMakeFiles/passvault_biometric_macos_security_test.dir/build.make CMakeFiles/passvault_biometric_macos_security_test.dir/depend
cd /Users/runner/work/_temp/passvault-macos-sanitizers01-34893068802-1/build && /usr/local/bin/cmake -E cmake_depends "Unix Makefiles" /Users/runner/work/_temp/passvault-macos-sanitizers01-34893068802-1/source /Users/runner/work/_temp/passvault-macos-sanitizers01-34893068802-1/source /Users/runner/work/_temp/passvault-macos-sanitizers01-34893068802-1/build /Users/runner/work/_temp/passvault-macos-sanitizers01-34893068802-1/build /Users/runner/work/_temp/passvault-macos-sanitizers01-34893068802-1/build/CMakeFiles/passvault_biometric_macos_security_test.dir/DependInfo.cmake "--color=" passvault_biometric_macos_security_test
/Applications/Xcode_16.4.app/Contents/Developer/usr/bin/make  -f CMakeFiles/passvault_biometric_macos_security_test.dir/build.make CMakeFiles/passvault_biometric_macos_security_test.dir/build
[ 50%] Building OBJCXX object CMakeFiles/passvault_biometric_macos_security_test.dir/tests/macos/passvault_biometric_macos_security_test.mm.o
/usr/bin/clang++ -DPASSVAULT_BIOMETRIC_BUILD=1 -I/Users/runner/work/_temp/passvault-macos-sanitizers01-34893068802-1/source/include -x objective-c++ -fsanitize=address,undefined -fno-sanitize-recover=all -fno-omit-frame-pointer -g -g -std=c++2a -arch x86_64 -fPIE -fobjc-arc -fstack-protector-strong -Wall -Wextra -Werror -MD -MT CMakeFiles/passvault_biometric_macos_security_test.dir/tests/macos/passvault_biometric_macos_security_test.mm.o -MF CMakeFiles/passvault_biometric_macos_security_test.dir/tests/macos/passvault_biometric_macos_security_test.mm.o.d -o CMakeFiles/passvault_biometric_macos_security_test.dir/tests/macos/passvault_biometric_macos_security_test.mm.o -c /Users/runner/work/_temp/passvault-macos-sanitizers01-34893068802-1/source/tests/macos/passvault_biometric_macos_security_test.mm
[ 66%] Linking OBJCXX executable passvault_biometric_macos_security_test
/usr/local/bin/cmake -E cmake_link_script CMakeFiles/passvault_biometric_macos_security_test.dir/link.txt --verbose=1
/usr/bin/clang++ -fsanitize=address,undefined -fno-sanitize-recover=all -fno-omit-frame-pointer -g -g -arch x86_64 -Wl,-search_paths_first -Wl,-headerpad_max_install_names -fsanitize=address,undefined CMakeFiles/passvault_biometric_macos_security_test.dir/tests/macos/passvault_biometric_macos_security_test.mm.o -o passvault_biometric_macos_security_test  -framework Foundation -framework LocalAuthentication -framework Security
[ 66%] Built target passvault_biometric_macos_security_test
/Applications/Xcode_16.4.app/Contents/Developer/usr/bin/make  -f CMakeFiles/passvault_biometric_abi_test.dir/build.make CMakeFiles/passvault_biometric_abi_test.dir/depend
cd /Users/runner/work/_temp/passvault-macos-sanitizers01-34893068802-1/build && /usr/local/bin/cmake -E cmake_depends "Unix Makefiles" /Users/runner/work/_temp/passvault-macos-sanitizers01-34893068802-1/source /Users/runner/work/_temp/passvault-macos-sanitizers01-34893068802-1/source /Users/runner/work/_temp/passvault-macos-sanitizers01-34893068802-1/build /Users/runner/work/_temp/passvault-macos-sanitizers01-34893068802-1/build /Users/runner/work/_temp/passvault-macos-sanitizers01-34893068802-1/build/CMakeFiles/passvault_biometric_abi_test.dir/DependInfo.cmake "--color=" passvault_biometric_abi_test
/Applications/Xcode_16.4.app/Contents/Developer/usr/bin/make  -f CMakeFiles/passvault_biometric_abi_test.dir/build.make CMakeFiles/passvault_biometric_abi_test.dir/build
[ 83%] Building CXX object CMakeFiles/passvault_biometric_abi_test.dir/tests/passvault_biometric_abi_test.cpp.o
/usr/bin/c++  -I/Users/runner/work/_temp/passvault-macos-sanitizers01-34893068802-1/source/include -fsanitize=address,undefined -fno-sanitize-recover=all -fno-omit-frame-pointer -g -g -std=c++20 -arch x86_64 -fPIE -MD -MT CMakeFiles/passvault_biometric_abi_test.dir/tests/passvault_biometric_abi_test.cpp.o -MF CMakeFiles/passvault_biometric_abi_test.dir/tests/passvault_biometric_abi_test.cpp.o.d -o CMakeFiles/passvault_biometric_abi_test.dir/tests/passvault_biometric_abi_test.cpp.o -c /Users/runner/work/_temp/passvault-macos-sanitizers01-34893068802-1/source/tests/passvault_biometric_abi_test.cpp
[100%] Linking CXX executable passvault_biometric_abi_test
/usr/local/bin/cmake -E cmake_link_script CMakeFiles/passvault_biometric_abi_test.dir/link.txt --verbose=1
/usr/bin/c++ -fsanitize=address,undefined -fno-sanitize-recover=all -fno-omit-frame-pointer -g -g -arch x86_64 -Wl,-search_paths_first -Wl,-headerpad_max_install_names -fsanitize=address,undefined CMakeFiles/passvault_biometric_abi_test.dir/tests/passvault_biometric_abi_test.cpp.o -o passvault_biometric_abi_test  libpassvault_biometric.dylib
[100%] Built target passvault_biometric_abi_test
/usr/local/bin/cmake -E cmake_progress_start /Users/runner/work/_temp/passvault-macos-sanitizers01-34893068802-1/build/CMakeFiles 0

