Mach Virtual Memory Statistics: (page size of 4096 bytes)
Pages free:                              688660.
Pages active:                            811979.
Pages inactive:                          823133.
Pages speculative:                      1017142.
Pages throttled:                              0.
Pages wired down:                        328300.
Pages purgeable:                          10435.
"Translation faults":                  32464077.
Pages copy-on-write:                     644217.
Pages zero filled:                     27294843.
Pages reactivated:                         7429.
Pages purged:                              5095.
File-backed pages:                      2166095.
Anonymous pages:                         486159.
Pages stored in compressor:                   0.
Pages occupied by compressor:                 0.
Decompressions:                               0.
Compressions:                                 0.
Pageins:                                 759175.
Pageouts:                                     0.
Swapins:                                      0.
Swapouts:                                     0.
