A	.github/workflows/audit-windows-after-flush05.yml
M	app-desktop/native/biometric-bridge/tests/windows/passvault_biometric_windows_security_test.cpp
M	docs/audit-continuation/2026-09-08-linux/C20_REMAINING_WORK_SOLO_2026-09-14.md
M	docs/audit-continuation/2026-09-08-linux/COVERAGE_DELTA.json
M	docs/audit-continuation/2026-09-08-linux/ISSUE_LEDGER.json
M	docs/audit-continuation/2026-09-08-linux/VERIFICATION_LEDGER.json
A	docs/audit-continuation/2026-09-08-linux/reviews/team20/resume_disk/current_ledger/desktop_image03_actual/ACTUAL-REVIEW.json
A	docs/audit-continuation/2026-09-08-linux/reviews/team20/resume_disk/current_ledger/desktop_image03_heap_source/SOURCE-REVIEW.json
A	docs/audit-continuation/2026-09-08-linux/reviews/team20/resume_disk/current_ledger/desktop_image03_instance/INSTANCE-REVIEW.json
A	docs/audit-continuation/2026-09-08-linux/reviews/team20/resume_disk/current_ledger/desktop_image04_actual/ACTUAL-REVIEW.json
A	docs/audit-continuation/2026-09-08-linux/reviews/team20/resume_disk/current_ledger/desktop_image04_binding_source/SOURCE-REVIEW.json
A	docs/audit-continuation/2026-09-08-linux/reviews/team20/resume_disk/current_ledger/desktop_image04_instance/INSTANCE-REVIEW.json
A	docs/audit-continuation/2026-09-08-linux/reviews/team20/resume_disk/current_ledger/gui24_actual/ACTUAL-REVIEW.json
A	docs/audit-continuation/2026-09-08-linux/reviews/team20/resume_disk/current_ledger/gui25_initial_readiness_source/SOURCE-REVIEW.json
A	docs/audit-continuation/2026-09-08-linux/reviews/team20/resume_disk/current_ledger/publication07_templates_source/SOURCE-REVIEW.json
A	docs/audit-continuation/2026-09-08-linux/reviews/team20/resume_disk/current_ledger/report29_reconciliation/REVIEW.json
A	docs/audit-continuation/2026-09-08-linux/reviews/team20/resume_disk/current_ledger/windows_after_flush04_activation_actual/ACTUAL-REVIEW.json
A	docs/audit-continuation/2026-09-08-linux/reviews/team20/resume_disk/current_ledger/windows_after_flush04_actual/ACTUAL-REVIEW.json
A	docs/audit-continuation/2026-09-08-linux/reviews/team20/resume_disk/current_ledger/windows_after_flush05_controls_source/SOURCE-REVIEW.json
A	docs/audit-continuation/2026-09-08-linux/reviews/team20/resume_disk/current_ledger/windows_after_flush05_controls_source01/SOURCE-REVIEW.json
A	docs/audit-continuation/2026-09-08-linux/reviews/team20/resume_disk/current_ledger/windows_after_flush05_controls_source02/SOURCE-REVIEW.json
A	docs/audit-continuation/2026-09-08-linux/reviews/team20/resume_disk/current_ledger/windows_after_flush05_instance/INSTANCE-ACCEPT.json
A	docs/audit-continuation/2026-09-08-linux/reviews/team20/resume_disk/current_ledger/windows_job_membership_source/SOURCE-REVIEW.json
A	docs/audit-continuation/2026-09-08-linux/reviews/team20/resume_disk/root/desktop-image03-heap-proposal01/INIT.gradle.diff
A	docs/audit-continuation/2026-09-08-linux/reviews/team20/resume_disk/root/desktop-image03-heap-proposal01/INIT.gradle.txt
A	docs/audit-continuation/2026-09-08-linux/reviews/team20/resume_disk/root/desktop-image03-heap-proposal01/INNER.py.diff
A	docs/audit-continuation/2026-09-08-linux/reviews/team20/resume_disk/root/desktop-image03-heap-proposal01/INNER.py.txt
A	docs/audit-continuation/2026-09-08-linux/reviews/team20/resume_disk/root/desktop-image03-heap-proposal01/OUTER.py.diff
A	docs/audit-continuation/2026-09-08-linux/reviews/team20/resume_disk/root/desktop-image03-heap-proposal01/OUTER.py.txt
A	docs/audit-continuation/2026-09-08-linux/reviews/team20/resume_disk/root/desktop-image03-heap-proposal01/PREPARE_REQUEST.py.txt
A	docs/audit-continuation/2026-09-08-linux/reviews/team20/resume_disk/root/desktop-image03-heap-proposal01/PROPOSAL.json
A	docs/audit-continuation/2026-09-08-linux/reviews/team20/resume_disk/root/desktop-image03-heap-proposal01/RUN-PLAN.md
A	docs/audit-continuation/2026-09-08-linux/reviews/team20/resume_disk/root/desktop-image03-instance01/ACTUAL-ADOPTION.json
A	docs/audit-continuation/2026-09-08-linux/reviews/team20/resume_disk/root/desktop-image03-instance01/APPROVAL.json
A	docs/audit-continuation/2026-09-08-linux/reviews/team20/resume_disk/root/desktop-image03-instance01/EXECUTION-ADMISSION.json
A	docs/audit-continuation/2026-09-08-linux/reviews/team20/resume_disk/root/desktop-image03-instance01/FRESH-FACTS01.json
A	docs/audit-continuation/2026-09-08-linux/reviews/team20/resume_disk/root/desktop-image03-instance01/HOST-CUSTODY.json
A	docs/audit-continuation/2026-09-08-linux/reviews/team20/resume_disk/root/desktop-image03-instance01/INIT.gradle
A	docs/audit-continuation/2026-09-08-linux/reviews/team20/resume_disk/root/desktop-image03-instance01/INNER.py
A	docs/audit-continuation/2026-09-08-linux/reviews/team20/resume_disk/root/desktop-image03-instance01/INSTALL.json
A	docs/audit-continuation/2026-09-08-linux/reviews/team20/resume_disk/root/desktop-image03-instance01/ORIGINAL-STDOUT.txt
A	docs/audit-continuation/2026-09-08-linux/reviews/team20/resume_disk/root/desktop-image03-instance01/ORIGINAL-TOOL-RESULT.json
A	docs/audit-continuation/2026-09-08-linux/reviews/team20/resume_disk/root/desktop-image03-instance01/OUTER.py
A	docs/audit-continuation/2026-09-08-linux/reviews/team20/resume_disk/root/desktop-image03-instance01/PREPARE_REQUEST.py.txt
A	docs/audit-continuation/2026-09-08-linux/reviews/team20/resume_disk/root/desktop-image03-instance01/REQUEST.json
A	docs/audit-continuation/2026-09-08-linux/reviews/team20/resume_disk/root/desktop-image03-instance01/RESOURCE-FALLBACK-PROPOSAL.json
A	docs/audit-continuation/2026-09-08-linux/reviews/team20/resume_disk/root/desktop-image03-instance01/RUN-PLAN.md
A	docs/audit-continuation/2026-09-08-linux/reviews/team20/resume_disk/root/desktop-image03-instance01/SCHEDULER-BEFORE-REQUEST.json
A	docs/audit-continuation/2026-09-08-linux/reviews/team20/resume_disk/root/desktop-image03-instance01/SLOT-AFTER-RETIREMENT.json
A	docs/audit-continuation/2026-09-08-linux/reviews/team20/resume_disk/root/desktop-image03-instance01/SLOT-BEFORE-RESERVATION.json
A	docs/audit-continuation/2026-09-08-linux/reviews/team20/resume_disk/root/desktop-image03-instance01/SLOT-BEFORE-RETIREMENT.json
A	docs/audit-continuation/2026-09-08-linux/reviews/team20/resume_disk/root/desktop-image04-binding-proposal01/INIT.gradle.diff
A	docs/audit-continuation/2026-09-08-linux/reviews/team20/resume_disk/root/desktop-image04-binding-proposal01/INIT.gradle.txt
A	docs/audit-continuation/2026-09-08-linux/reviews/team20/resume_disk/root/desktop-image04-binding-proposal01/INNER.py.diff
A	docs/audit-continuation/2026-09-08-linux/reviews/team20/resume_disk/root/desktop-image04-binding-proposal01/INNER.py.txt
A	docs/audit-continuation/2026-09-08-linux/reviews/team20/resume_disk/root/desktop-image04-binding-proposal01/OUTER.py.diff
A	docs/audit-continuation/2026-09-08-linux/reviews/team20/resume_disk/root/desktop-image04-binding-proposal01/OUTER.py.txt
A	docs/audit-continuation/2026-09-08-linux/reviews/team20/resume_disk/root/desktop-image04-binding-proposal01/PREPARE_REQUEST.py.txt
A	docs/audit-continuation/2026-09-08-linux/reviews/team20/resume_disk/root/desktop-image04-binding-proposal01/PROPOSAL.json
A	docs/audit-continuation/2026-09-08-linux/reviews/team20/resume_disk/root/desktop-image04-instance01/ACTUAL-ADOPTION.json
A	docs/audit-continuation/2026-09-08-linux/reviews/team20/resume_disk/root/desktop-image04-instance01/APPROVAL.json
A	docs/audit-continuation/2026-09-08-linux/reviews/team20/resume_disk/root/desktop-image04-instance01/EXECUTION-ADMISSION.json
A	docs/audit-continuation/2026-09-08-linux/reviews/team20/resume_disk/root/desktop-image04-instance01/FRESH-FACTS01.json
A	docs/audit-continuation/2026-09-08-linux/reviews/team20/resume_disk/root/desktop-image04-instance01/HOST-CUSTODY.json
A	docs/audit-continuation/2026-09-08-linux/reviews/team20/resume_disk/root/desktop-image04-instance01/INIT.gradle
A	docs/audit-continuation/2026-09-08-linux/reviews/team20/resume_disk/root/desktop-image04-instance01/INNER.py
A	docs/audit-continuation/2026-09-08-linux/reviews/team20/resume_disk/root/desktop-image04-instance01/INSTALL.json
A	docs/audit-continuation/2026-09-08-linux/reviews/team20/resume_disk/root/desktop-image04-instance01/ORIGINAL-TOOL-ENTRY.json
A	docs/audit-continuation/2026-09-08-linux/reviews/team20/resume_disk/root/desktop-image04-instance01/ORIGINAL-TOOL-RESULT.json
A	docs/audit-continuation/2026-09-08-linux/reviews/team20/resume_disk/root/desktop-image04-instance01/OUTER.py
A	docs/audit-continuation/2026-09-08-linux/reviews/team20/resume_disk/root/desktop-image04-instance01/PREPARE_REQUEST.py.txt
A	docs/audit-continuation/2026-09-08-linux/reviews/team20/resume_disk/root/desktop-image04-instance01/REQUEST.json
A	docs/audit-continuation/2026-09-08-linux/reviews/team20/resume_disk/root/desktop-image04-instance01/RESOURCE-FALLBACK-PROPOSAL.json
A	docs/audit-continuation/2026-09-08-linux/reviews/team20/resume_disk/root/desktop-image04-instance01/RUN-PLAN.md
A	docs/audit-continuation/2026-09-08-linux/reviews/team20/resume_disk/root/desktop-image04-instance01/SCHEDULER-BEFORE-REQUEST.json
A	docs/audit-continuation/2026-09-08-linux/reviews/team20/resume_disk/root/desktop-image04-instance01/SLOT-AFTER-RETIREMENT.json
A	docs/audit-continuation/2026-09-08-linux/reviews/team20/resume_disk/root/desktop-image04-instance01/SLOT-BEFORE-RESERVATION.json
A	docs/audit-continuation/2026-09-08-linux/reviews/team20/resume_disk/root/desktop-image04-instance01/SLOT-BEFORE-RETIREMENT.json
A	docs/audit-continuation/2026-09-08-linux/reviews/team20/resume_disk/root/gui24-instance01/ACTUAL-ADOPTION.json
A	docs/audit-continuation/2026-09-08-linux/reviews/team20/resume_disk/root/gui24-instance01/APPROVAL.json
A	docs/audit-continuation/2026-09-08-linux/reviews/team20/resume_disk/root/gui24-instance01/CredentialMainNavHostRoomIntegrationTest.kt
A	docs/audit-continuation/2026-09-08-linux/reviews/team20/resume_disk/root/gui24-instance01/EXECUTION-ADMISSION.json
A	docs/audit-continuation/2026-09-08-linux/reviews/team20/resume_disk/root/gui24-instance01/FRESH-FACTS01.json
A	docs/audit-continuation/2026-09-08-linux/reviews/team20/resume_disk/root/gui24-instance01/HOST-CUSTODY.json
A	docs/audit-continuation/2026-09-08-linux/reviews/team20/resume_disk/root/gui24-instance01/INIT.gradle
A	docs/audit-continuation/2026-09-08-linux/reviews/team20/resume_disk/root/gui24-instance01/INNER.py
A	docs/audit-continuation/2026-09-08-linux/reviews/team20/resume_disk/root/gui24-instance01/INSTALL.json
A	docs/audit-continuation/2026-09-08-linux/reviews/team20/resume_disk/root/gui24-instance01/ORIGINAL-TOOL-ENTRY.json
A	docs/audit-continuation/2026-09-08-linux/reviews/team20/resume_disk/root/gui24-instance01/ORIGINAL-TOOL-RESULT.json
A	docs/audit-continuation/2026-09-08-linux/reviews/team20/resume_disk/root/gui24-instance01/OUTER.py
A	docs/audit-continuation/2026-09-08-linux/reviews/team20/resume_disk/root/gui24-instance01/PREPARE_REQUEST.py.txt
A	docs/audit-continuation/2026-09-08-linux/reviews/team20/resume_disk/root/gui24-instance01/REQUEST.json
A	docs/audit-continuation/2026-09-08-linux/reviews/team20/resume_disk/root/gui24-instance01/RESOURCE-FALLBACK-PROPOSAL.json
A	docs/audit-continuation/2026-09-08-linux/reviews/team20/resume_disk/root/gui24-instance01/RUN-PLAN.md
A	docs/audit-continuation/2026-09-08-linux/reviews/team20/resume_disk/root/gui24-instance01/SCHEDULER-BEFORE-REQUEST.json
A	docs/audit-continuation/2026-09-08-linux/reviews/team20/resume_disk/root/gui24-instance01/SLOT-AFTER-RETIREMENT.json
A	docs/audit-continuation/2026-09-08-linux/reviews/team20/resume_disk/root/gui24-instance01/SLOT-BEFORE-RESERVATION.json
A	docs/audit-continuation/2026-09-08-linux/reviews/team20/resume_disk/root/gui24-instance01/SLOT-BEFORE-RETIREMENT.json
A	docs/audit-continuation/2026-09-08-linux/reviews/team20/resume_disk/root/gui25-controls-proposal01/CredentialMainNavHostRoomIntegrationTest.kt.diff
A	docs/audit-continuation/2026-09-08-linux/reviews/team20/resume_disk/root/gui25-controls-proposal01/CredentialMainNavHostRoomIntegrationTest.kt.txt
A	docs/audit-continuation/2026-09-08-linux/reviews/team20/resume_disk/root/gui25-controls-proposal01/INIT.gradle.diff
A	docs/audit-continuation/2026-09-08-linux/reviews/team20/resume_disk/root/gui25-controls-proposal01/INIT.gradle.txt
A	docs/audit-continuation/2026-09-08-linux/reviews/team20/resume_disk/root/gui25-controls-proposal01/INNER.py.diff
A	docs/audit-continuation/2026-09-08-linux/reviews/team20/resume_disk/root/gui25-controls-proposal01/INNER.py.txt
A	docs/audit-continuation/2026-09-08-linux/reviews/team20/resume_disk/root/gui25-controls-proposal01/OUTER.py.diff
A	docs/audit-continuation/2026-09-08-linux/reviews/team20/resume_disk/root/gui25-controls-proposal01/OUTER.py.txt
A	docs/audit-continuation/2026-09-08-linux/reviews/team20/resume_disk/root/gui25-controls-proposal01/PROBE.py.txt
A	docs/audit-continuation/2026-09-08-linux/reviews/team20/resume_disk/root/gui25-controls-proposal01/PROPOSAL.json
A	docs/audit-continuation/2026-09-08-linux/reviews/team20/resume_disk/root/gui25-controls-proposal02/CredentialMainNavHostRoomIntegrationTest.kt.diff
A	docs/audit-continuation/2026-09-08-linux/reviews/team20/resume_disk/root/gui25-controls-proposal02/CredentialMainNavHostRoomIntegrationTest.kt.txt
A	docs/audit-continuation/2026-09-08-linux/reviews/team20/resume_disk/root/gui25-controls-proposal02/INIT.gradle.diff
A	docs/audit-continuation/2026-09-08-linux/reviews/team20/resume_disk/root/gui25-controls-proposal02/INIT.gradle.txt
A	docs/audit-continuation/2026-09-08-linux/reviews/team20/resume_disk/root/gui25-controls-proposal02/INNER.py.diff
A	docs/audit-continuation/2026-09-08-linux/reviews/team20/resume_disk/root/gui25-controls-proposal02/INNER.py.txt
A	docs/audit-continuation/2026-09-08-linux/reviews/team20/resume_disk/root/gui25-controls-proposal02/OUTER.py.diff
A	docs/audit-continuation/2026-09-08-linux/reviews/team20/resume_disk/root/gui25-controls-proposal02/OUTER.py.txt
A	docs/audit-continuation/2026-09-08-linux/reviews/team20/resume_disk/root/gui25-controls-proposal02/PREPARE_REQUEST.py.txt
A	docs/audit-continuation/2026-09-08-linux/reviews/team20/resume_disk/root/gui25-controls-proposal02/PROBE.diff
A	docs/audit-continuation/2026-09-08-linux/reviews/team20/resume_disk/root/gui25-controls-proposal02/PROBE.py.txt
A	docs/audit-continuation/2026-09-08-linux/reviews/team20/resume_disk/root/gui25-controls-proposal02/PROPOSAL.json
A	docs/audit-continuation/2026-09-08-linux/reviews/team20/resume_disk/root/gui25-controls-proposal02/SOURCE-CASCADE-CHECK.json
A	docs/audit-continuation/2026-09-08-linux/reviews/team20/resume_disk/root/gui25-controls-proposal03/CredentialMainNavHostRoomIntegrationTest.kt.diff
A	docs/audit-continuation/2026-09-08-linux/reviews/team20/resume_disk/root/gui25-controls-proposal03/CredentialMainNavHostRoomIntegrationTest.kt.txt
A	docs/audit-continuation/2026-09-08-linux/reviews/team20/resume_disk/root/gui25-controls-proposal03/INIT.gradle.diff
A	docs/audit-continuation/2026-09-08-linux/reviews/team20/resume_disk/root/gui25-controls-proposal03/INIT.gradle.txt
A	docs/audit-continuation/2026-09-08-linux/reviews/team20/resume_disk/root/gui25-controls-proposal03/INNER.py.diff
A	docs/audit-continuation/2026-09-08-linux/reviews/team20/resume_disk/root/gui25-controls-proposal03/INNER.py.txt
A	docs/audit-continuation/2026-09-08-linux/reviews/team20/resume_disk/root/gui25-controls-proposal03/OUTER.py.diff
A	docs/audit-continuation/2026-09-08-linux/reviews/team20/resume_disk/root/gui25-controls-proposal03/OUTER.py.txt
A	docs/audit-continuation/2026-09-08-linux/reviews/team20/resume_disk/root/gui25-controls-proposal03/PREPARE_REQUEST.py.txt
A	docs/audit-continuation/2026-09-08-linux/reviews/team20/resume_disk/root/gui25-controls-proposal03/PROBE.diff
A	docs/audit-continuation/2026-09-08-linux/reviews/team20/resume_disk/root/gui25-controls-proposal03/PROBE.py.txt
A	docs/audit-continuation/2026-09-08-linux/reviews/team20/resume_disk/root/gui25-controls-proposal03/PROPOSAL.json
A	docs/audit-continuation/2026-09-08-linux/reviews/team20/resume_disk/root/gui25-focused-ancestry-proposal01/PROBE.py.txt
A	docs/audit-continuation/2026-09-08-linux/reviews/team20/resume_disk/root/gui25-focused-ancestry-proposal01/SCOPE.json
A	docs/audit-continuation/2026-09-08-linux/reviews/team20/resume_disk/root/gui25-focused-ancestry-proposal01/SOURCE.diff
A	docs/audit-continuation/2026-09-08-linux/reviews/team20/resume_disk/root/gui25-instance01/CredentialMainNavHostRoomIntegrationTest.kt
A	docs/audit-continuation/2026-09-08-linux/reviews/team20/resume_disk/root/gui25-instance01/INIT.gradle
A	docs/audit-continuation/2026-09-08-linux/reviews/team20/resume_disk/root/gui25-instance01/INNER.py
A	docs/audit-continuation/2026-09-08-linux/reviews/team20/resume_disk/root/gui25-instance01/INSTALL.json
A	docs/audit-continuation/2026-09-08-linux/reviews/team20/resume_disk/root/gui25-instance01/OUTER.py
A	docs/audit-continuation/2026-09-08-linux/reviews/team20/resume_disk/root/gui25-instance01/PREPARE_REQUEST.py.txt
A	docs/audit-continuation/2026-09-08-linux/reviews/team20/resume_disk/root/gui25-instance01/RUN-PLAN.md
A	docs/audit-continuation/2026-09-08-linux/reviews/team20/resume_disk/root/publication04/stage-instance07/FRESH-FACTS.json
A	docs/audit-continuation/2026-09-08-linux/reviews/team20/resume_disk/root/report-refresh29/ACTUAL-ADOPTION.json
A	docs/audit-continuation/2026-09-08-linux/reviews/team20/resume_disk/root/report-refresh29/ALIAS-CORRECTION.json
A	docs/audit-continuation/2026-09-08-linux/reviews/team20/resume_disk/root/report-refresh29/BATCH-ACCOUNTING-PLAN.md
A	docs/audit-continuation/2026-09-08-linux/reviews/team20/resume_disk/root/report-refresh29/BEFORE-ALIAS-FROZEN.json
A	docs/audit-continuation/2026-09-08-linux/reviews/team20/resume_disk/root/report-refresh29/FROZEN.json
A	docs/audit-continuation/2026-09-08-linux/reviews/team20/resume_disk/root/report-refresh29/PREPARATION.json
A	docs/audit-continuation/2026-09-08-linux/reviews/team20/resume_disk/root/report-refresh29/PREVIOUS-C20_REMAINING_WORK_SOLO_2026-09-14.md
A	docs/audit-continuation/2026-09-08-linux/reviews/team20/resume_disk/root/report-refresh29/PREVIOUS-COVERAGE_DELTA.json
A	docs/audit-continuation/2026-09-08-linux/reviews/team20/resume_disk/root/report-refresh29/PREVIOUS-ISSUE_LEDGER.json
A	docs/audit-continuation/2026-09-08-linux/reviews/team20/resume_disk/root/report-refresh29/PREVIOUS-VERIFICATION_LEDGER.json
A	docs/audit-continuation/2026-09-08-linux/reviews/team20/resume_disk/root/report-refresh29/REFRESH.py.txt
A	docs/audit-continuation/2026-09-08-linux/reviews/team20/resume_disk/root/report-refresh29/RESOURCE-BLOCKER.json
A	docs/audit-continuation/2026-09-08-linux/reviews/team20/resume_disk/root/report-refresh29/SCOPE.md
A	docs/audit-continuation/2026-09-08-linux/reviews/team20/resume_disk/root/windows-after-flush-ci04/ACTUAL-ADOPTION.json
A	docs/audit-continuation/2026-09-08-linux/reviews/team20/resume_disk/root/windows-after-flush-ci04/ARTIFACT.json
A	docs/audit-continuation/2026-09-08-linux/reviews/team20/resume_disk/root/windows-after-flush-ci04/CONTEXT.json
A	docs/audit-continuation/2026-09-08-linux/reviews/team20/resume_disk/root/windows-after-flush-ci04/ORIGINAL-RUN.json
A	docs/audit-continuation/2026-09-08-linux/reviews/team20/resume_disk/root/windows-after-flush-ci04/SLOT-AFTER-RETIREMENT.json
A	docs/audit-continuation/2026-09-08-linux/reviews/team20/resume_disk/root/windows-after-flush-ci04/SLOT-BEFORE-RETIREMENT.json
A	docs/audit-continuation/2026-09-08-linux/reviews/team20/resume_disk/root/windows-after-flush-ci04/TERMINAL.json
A	docs/audit-continuation/2026-09-08-linux/reviews/team20/resume_disk/root/windows-after-flush-ci04/artifacts/01-git-identity-retention.json
A	docs/audit-continuation/2026-09-08-linux/reviews/team20/resume_disk/root/windows-after-flush-ci04/artifacts/01-git-identity.log
A	docs/audit-continuation/2026-09-08-linux/reviews/team20/resume_disk/root/windows-after-flush-ci04/artifacts/02-one-parent-retention.json
A	docs/audit-continuation/2026-09-08-linux/reviews/team20/resume_disk/root/windows-after-flush-ci04/artifacts/02-one-parent.log
A	docs/audit-continuation/2026-09-08-linux/reviews/team20/resume_disk/root/windows-after-flush-ci04/artifacts/03-request-only-diff-retention.json
A	docs/audit-continuation/2026-09-08-linux/reviews/team20/resume_disk/root/windows-after-flush-ci04/artifacts/03-request-only-diff.log
A	docs/audit-continuation/2026-09-08-linux/reviews/team20/resume_disk/root/windows-after-flush-ci04/artifacts/04-clean-source-retention.json
A	docs/audit-continuation/2026-09-08-linux/reviews/team20/resume_disk/root/windows-after-flush-ci04/artifacts/04-clean-source.log
A	docs/audit-continuation/2026-09-08-linux/reviews/team20/resume_disk/root/windows-after-flush-ci04/artifacts/05-cmake-version-retention.json
A	docs/audit-continuation/2026-09-08-linux/reviews/team20/resume_disk/root/windows-after-flush-ci04/artifacts/05-cmake-version.log
A	docs/audit-continuation/2026-09-08-linux/reviews/team20/resume_disk/root/windows-after-flush-ci04/artifacts/06-configure-retention.json
A	docs/audit-continuation/2026-09-08-linux/reviews/team20/resume_disk/root/windows-after-flush-ci04/artifacts/06-configure.log
A	docs/audit-continuation/2026-09-08-linux/reviews/team20/resume_disk/root/windows-after-flush-ci04/artifacts/07-build-retention.json
A	docs/audit-continuation/2026-09-08-linux/reviews/team20/resume_disk/root/windows-after-flush-ci04/artifacts/07-build.log
A	docs/audit-continuation/2026-09-08-linux/reviews/team20/resume_disk/root/windows-after-flush-ci04/artifacts/08-ctest-inventory-retention.json
A	docs/audit-continuation/2026-09-08-linux/reviews/team20/resume_disk/root/windows-after-flush-ci04/artifacts/08-ctest-inventory.log
A	docs/audit-continuation/2026-09-08-linux/reviews/team20/resume_disk/root/windows-after-flush-ci04/artifacts/09-case-1-retention.json
A	docs/audit-continuation/2026-09-08-linux/reviews/team20/resume_disk/root/windows-after-flush-ci04/artifacts/09-case-1.log
A	docs/audit-continuation/2026-09-08-linux/reviews/team20/resume_disk/root/windows-after-flush-ci04/artifacts/allocation-intent.json
A	docs/audit-continuation/2026-09-08-linux/reviews/team20/resume_disk/root/windows-after-flush-ci04/artifacts/compile-configuration-snapshot.json
A	docs/audit-continuation/2026-09-08-linux/reviews/team20/resume_disk/root/windows-after-flush-ci04/artifacts/ctest-inventory.json
A	docs/audit-continuation/2026-09-08-linux/reviews/team20/resume_disk/root/windows-after-flush-ci04/artifacts/final-source-inputs.json
A	docs/audit-continuation/2026-09-08-linux/reviews/team20/resume_disk/root/windows-after-flush-ci04/artifacts/journal.jsonl
A	docs/audit-continuation/2026-09-08-linux/reviews/team20/resume_disk/root/windows-after-flush-ci04/artifacts/native-artifacts.json
A	docs/audit-continuation/2026-09-08-linux/reviews/team20/resume_disk/root/windows-after-flush-ci04/artifacts/passvault_biometric_windows_after_flush_continue.xml
A	docs/audit-continuation/2026-09-08-linux/reviews/team20/resume_disk/root/windows-after-flush-ci04/artifacts/request.json
A	docs/audit-continuation/2026-09-08-linux/reviews/team20/resume_disk/root/windows-after-flush-ci04/artifacts/result.json
A	docs/audit-continuation/2026-09-08-linux/reviews/team20/resume_disk/root/windows-after-flush-ci04/artifacts/settled-configuration-hashes.json
A	docs/audit-continuation/2026-09-08-linux/reviews/team20/resume_disk/root/windows-after-flush-ci04/artifacts/source-bindings.json
A	docs/audit-continuation/2026-09-08-linux/reviews/team20/resume_disk/root/windows-after-flush-ci04/artifacts/toolchain.json
A	docs/audit-continuation/2026-09-08-linux/reviews/team20/resume_disk/root/windows-after-flush-ci04/observation-1/ORIGINAL-TOOL-RESULT.json
A	docs/audit-continuation/2026-09-08-linux/reviews/team20/resume_disk/root/windows-after-flush-ci04/observation-1/RESULT.json
A	docs/audit-continuation/2026-09-08-linux/reviews/team20/resume_disk/root/windows-after-flush-ci04/observation-1/response.json
A	docs/audit-continuation/2026-09-08-linux/reviews/team20/resume_disk/root/windows-after-flush-ci04/observation-2/ORIGINAL-TOOL-RESULT.json
A	docs/audit-continuation/2026-09-08-linux/reviews/team20/resume_disk/root/windows-after-flush-ci04/observation-2/RESULT.json
A	docs/audit-continuation/2026-09-08-linux/reviews/team20/resume_disk/root/windows-after-flush-ci04/observation-2/response.json
A	docs/audit-continuation/2026-09-08-linux/reviews/team20/resume_disk/root/windows-after-flush-ci04/observation-3/ORIGINAL-TOOL-RESULT.json
A	docs/audit-continuation/2026-09-08-linux/reviews/team20/resume_disk/root/windows-after-flush-ci04/observation-3/RESULT.json
A	docs/audit-continuation/2026-09-08-linux/reviews/team20/resume_disk/root/windows-after-flush-ci04/observation-3/response.json
A	docs/audit-continuation/2026-09-08-linux/reviews/team20/resume_disk/root/windows-after-flush-ci04/observation-4/ORIGINAL-TOOL-RESULT.json
A	docs/audit-continuation/2026-09-08-linux/reviews/team20/resume_disk/root/windows-after-flush-ci04/observation-4/RESULT.json
A	docs/audit-continuation/2026-09-08-linux/reviews/team20/resume_disk/root/windows-after-flush05-controls-proposal01/PROPOSAL.json
A	docs/audit-continuation/2026-09-08-linux/reviews/team20/resume_disk/root/windows-after-flush05-controls-proposal01/SCOPE.md
A	docs/audit-continuation/2026-09-08-linux/reviews/team20/resume_disk/root/windows-after-flush05-controls-proposal01/audit-windows-after-flush05.yml.txt
A	docs/audit-continuation/2026-09-08-linux/reviews/team20/resume_disk/root/windows-after-flush05-controls-proposal01/audit-windows-after-flush05.yml.txt.diff
A	docs/audit-continuation/2026-09-08-linux/reviews/team20/resume_disk/root/windows-after-flush05-controls-proposal01/windows_after_flush_05.py.txt
A	docs/audit-continuation/2026-09-08-linux/reviews/team20/resume_disk/root/windows-after-flush05-controls-proposal01/windows_after_flush_05.py.txt.diff
A	docs/audit-continuation/2026-09-08-linux/reviews/team20/resume_disk/root/windows-after-flush05-controls-proposal02/CORRECTION.diff
A	docs/audit-continuation/2026-09-08-linux/reviews/team20/resume_disk/root/windows-after-flush05-controls-proposal02/PROPOSAL.json
A	docs/audit-continuation/2026-09-08-linux/reviews/team20/resume_disk/root/windows-after-flush05-controls-proposal02/SCOPE.md
A	docs/audit-continuation/2026-09-08-linux/reviews/team20/resume_disk/root/windows-after-flush05-controls-proposal02/audit-windows-after-flush05.yml.txt
A	docs/audit-continuation/2026-09-08-linux/reviews/team20/resume_disk/root/windows-after-flush05-controls-proposal02/windows_after_flush_05.py.txt
A	docs/audit-continuation/2026-09-08-linux/reviews/team20/resume_disk/root/windows-after-flush05-controls-proposal03/CORRECTION.diff
A	docs/audit-continuation/2026-09-08-linux/reviews/team20/resume_disk/root/windows-after-flush05-controls-proposal03/INSTALL.json
A	docs/audit-continuation/2026-09-08-linux/reviews/team20/resume_disk/root/windows-after-flush05-controls-proposal03/PROPOSAL.json
A	docs/audit-continuation/2026-09-08-linux/reviews/team20/resume_disk/root/windows-after-flush05-controls-proposal03/SCOPE.md
A	docs/audit-continuation/2026-09-08-linux/reviews/team20/resume_disk/root/windows-after-flush05-controls-proposal03/audit-windows-after-flush05.yml.txt
A	docs/audit-continuation/2026-09-08-linux/reviews/team20/resume_disk/root/windows-after-flush05-controls-proposal03/windows_after_flush_05.py.txt
A	docs/audit-continuation/2026-09-08-linux/reviews/team20/resume_disk/root/windows-job-accounting-source01/API-DOC-EXCERPT.json
A	docs/audit-continuation/2026-09-08-linux/reviews/team20/resume_disk/root/windows-job-accounting-source01/API-LIMIT-EXCERPT.json
A	docs/audit-continuation/2026-09-08-linux/reviews/team20/resume_disk/root/windows-job-accounting-source01/API-LIMIT-ROW02.json
A	docs/audit-continuation/2026-09-08-linux/reviews/team20/resume_disk/root/windows-job-accounting-source01/FINDING-PROPOSAL.md
A	docs/audit-continuation/2026-09-08-linux/reviews/team20/resume_disk/root/windows-job-membership-proposal01/INSTALL.json
A	docs/audit-continuation/2026-09-08-linux/reviews/team20/resume_disk/root/windows-job-membership-proposal01/PROPOSAL.json
A	docs/audit-continuation/2026-09-08-linux/reviews/team20/resume_disk/root/windows-job-membership-proposal01/SOURCE.diff
A	docs/audit-continuation/2026-09-08-linux/reviews/team20/resume_disk/root/windows-job-membership-proposal01/passvault_biometric_windows_security_test.cpp
A	docs/audit-continuation/2026-09-08-linux/runs/linux-desktop-installed-image04/INNER-PREFLIGHT.json
A	docs/audit-continuation/2026-09-08-linux/runs/linux-desktop-installed-image04/INNER-RESULT.json
A	docs/audit-continuation/2026-09-08-linux/runs/linux-desktop-installed-image04/OUTER-ALLOCATION.json
A	docs/audit-continuation/2026-09-08-linux/runs/linux-desktop-installed-image04/OUTER-INDEX-COPY.json
A	docs/audit-continuation/2026-09-08-linux/runs/linux-desktop-installed-image04/OUTER-INTENT.json
A	docs/audit-continuation/2026-09-08-linux/runs/linux-desktop-installed-image04/OUTER-RECEIPT.json
A	docs/audit-continuation/2026-09-08-linux/runs/linux-desktop-installed-image04/PHASE-git-sdk-isolation.json
A	docs/audit-continuation/2026-09-08-linux/runs/linux-desktop-installed-image04/SOURCE-AFTER.json
A	docs/audit-continuation/2026-09-08-linux/runs/linux-desktop-installed-image04/SOURCE-BEFORE.json
A	docs/audit-continuation/2026-09-08-linux/runs/linux-desktop-installed-image04/logs/outer-git.stderr
A	docs/audit-continuation/2026-09-08-linux/runs/linux-desktop-integration24/GUI-CLEANUP.json
A	docs/audit-continuation/2026-09-08-linux/runs/linux-desktop-integration24/INNER-RESULT.json
A	docs/audit-continuation/2026-09-08-linux/runs/linux-desktop-integration24/OUTER-RECEIPT.json
A	docs/audit-continuation/2026-09-08-linux/runs/linux-desktop-integration24/PVU003-RESULT.json
A	docs/audit-continuation/2026-09-08-linux/runs/linux-desktop-integration24/SOURCE-AFTER.json
A	docs/audit-continuation/2026-09-08-linux/runs/linux-desktop-integration24/SOURCE-BEFORE.json
A	docs/audit-continuation/2026-09-08-linux/runs/linux-desktop-integration24/XML-RESULT.json
A	docs/audit-continuation/2026-09-08-linux/runs/linux-desktop-integration24/pvu003-evidence/main.events
A	docs/audit-continuation/2026-09-08-linux/runs/linux-desktop-integration24/pvu003-evidence/main.exit
A	docs/audit-continuation/2026-09-08-linux/runs/linux-desktop-integration24/pvu003-evidence/main.log
A	docs/audit-continuation/2026-09-08-linux/runs/linux-desktop-integration24/xml/app-desktop--TEST-com.passvault.desktop.Pvu003NativeChooserAdmissionIntegrationTest.xml
A	scripts/audit/windows_after_flush_05.py
