Internal ctest changing into directory: D:/a/_temp/passvault-windows-after-flush-01-34901080019-1-387fd36902d1a78c09f284d8d257897b/build
UpdateCTestConfiguration  from :D:/a/_temp/passvault-windows-after-flush-01-34901080019-1-387fd36902d1a78c09f284d8d257897b/build/DartConfiguration.tcl
Parse Config file:D:/a/_temp/passvault-windows-after-flush-01-34901080019-1-387fd36902d1a78c09f284d8d257897b/build/DartConfiguration.tcl
UpdateCTestConfiguration  from :D:/a/_temp/passvault-windows-after-flush-01-34901080019-1-387fd36902d1a78c09f284d8d257897b/build/DartConfiguration.tcl
Parse Config file:D:/a/_temp/passvault-windows-after-flush-01-34901080019-1-387fd36902d1a78c09f284d8d257897b/build/DartConfiguration.tcl
Test project D:/a/_temp/passvault-windows-after-flush-01-34901080019-1-387fd36902d1a78c09f284d8d257897b/build
Constructing a list of tests
Done constructing a list of tests
Updating test list for fixtures
Added 0 tests to meet fixture requirements
Checking test dependency graph...
Checking test dependency graph end
test 1
    Start 1: passvault_biometric_windows_after_flush_continue

1: Test command: D:\a\_temp\passvault-windows-after-flush-01-34901080019-1-387fd36902d1a78c09f284d8d257897b\build\Release\passvault_biometric_windows_after_flush_test.exe "--after-flush-case" "continue"
1: Working Directory: D:/a/_temp/passvault-windows-after-flush-01-34901080019-1-387fd36902d1a78c09f284d8d257897b/build
1: Test timeout computed to be: 30
1: PVA036_AFTER_FLUSH case=continue fixture=passvault-after-flush-b007b4e0a1450663 root_id=3470111086:131072:8954 setup=OWNED
1: PVA036_AFTER_FLUSH case=continue result=FAIL line=1019 cleanup=HOLD retry=NO
1/1 Test #1: passvault_biometric_windows_after_flush_continue ...***Failed    0.02 sec
PVA036_AFTER_FLUSH case=continue fixture=passvault-after-flush-b007b4e0a1450663 root_id=3470111086:131072:8954 setup=OWNED
PVA036_AFTER_FLUSH case=continue result=FAIL line=1019 cleanup=HOLD retry=NO


0% tests passed, 1 tests failed out of 1

Total Test time (real) =   0.02 sec

The following tests FAILED:
	  1 - passvault_biometric_windows_after_flush_continue (Failed)
Errors while running CTest
