Internal ctest changing into directory: D:/a/_temp/passvault-windows-after-flush-05-34919661732-1-262deb5429d4d9c842d0bc6c830d6699/build
UpdateCTestConfiguration  from :D:/a/_temp/passvault-windows-after-flush-05-34919661732-1-262deb5429d4d9c842d0bc6c830d6699/build/DartConfiguration.tcl
Parse Config file:D:/a/_temp/passvault-windows-after-flush-05-34919661732-1-262deb5429d4d9c842d0bc6c830d6699/build/DartConfiguration.tcl
UpdateCTestConfiguration  from :D:/a/_temp/passvault-windows-after-flush-05-34919661732-1-262deb5429d4d9c842d0bc6c830d6699/build/DartConfiguration.tcl
Parse Config file:D:/a/_temp/passvault-windows-after-flush-05-34919661732-1-262deb5429d4d9c842d0bc6c830d6699/build/DartConfiguration.tcl
Test project D:/a/_temp/passvault-windows-after-flush-05-34919661732-1-262deb5429d4d9c842d0bc6c830d6699/build
Constructing a list of tests
Done constructing a list of tests
Updating test list for fixtures
Added 0 tests to meet fixture requirements
Checking test dependency graph...
Checking test dependency graph end
test 1
    Start 1: passvault_biometric_windows_after_flush_continue

1: Test command: D:\a\_temp\passvault-windows-after-flush-05-34919661732-1-262deb5429d4d9c842d0bc6c830d6699\build\Release\passvault_biometric_windows_after_flush_test.exe "--after-flush-case" "continue"
1: Working Directory: D:/a/_temp/passvault-windows-after-flush-05-34919661732-1-262deb5429d4d9c842d0bc6c830d6699/build
1: Test timeout computed to be: 30
1: PVA036_AFTER_FLUSH case=continue fixture=passvault-after-flush-3942f976e041bd19 root_id=2522649187:131072:9631 setup=OWNED
1: PVA036_JOB phase=suspended case=continue total=1 active=1 terminated=0
1: PVA036_JOB phase=settled case=continue total=2 active=0 terminated=0
1: PVA036_AFTER_FLUSH case=continue process=5252 creation=31278262:1858247762 exit=0 stage_id=2522649187:65536:9634 destination_id=2522649187:65536:9634 real_flush=PASS held_before_close=PASS action=RELEASED residual=NONE pre_teardown=PASS cleanup=PASS
1/1 Test #1: passvault_biometric_windows_after_flush_continue ...   Passed    0.05 sec

The following tests passed:
	passvault_biometric_windows_after_flush_continue

100% tests passed, 0 tests failed out of 1

Total Test time (real) =   0.05 sec
