Internal ctest changing into directory: D:/a/_temp/passvault-windows-after-flush-05-34919661732-1-262deb5429d4d9c842d0bc6c830d6699/build
UpdateCTestConfiguration  from :D:/a/_temp/passvault-windows-after-flush-05-34919661732-1-262deb5429d4d9c842d0bc6c830d6699/build/DartConfiguration.tcl
Parse Config file:D:/a/_temp/passvault-windows-after-flush-05-34919661732-1-262deb5429d4d9c842d0bc6c830d6699/build/DartConfiguration.tcl
UpdateCTestConfiguration  from :D:/a/_temp/passvault-windows-after-flush-05-34919661732-1-262deb5429d4d9c842d0bc6c830d6699/build/DartConfiguration.tcl
Parse Config file:D:/a/_temp/passvault-windows-after-flush-05-34919661732-1-262deb5429d4d9c842d0bc6c830d6699/build/DartConfiguration.tcl
Test project D:/a/_temp/passvault-windows-after-flush-05-34919661732-1-262deb5429d4d9c842d0bc6c830d6699/build
Constructing a list of tests
Done constructing a list of tests
Updating test list for fixtures
Added 0 tests to meet fixture requirements
Checking test dependency graph...
Checking test dependency graph end
test 2
    Start 2: passvault_biometric_windows_after_flush_process_death

2: Test command: D:\a\_temp\passvault-windows-after-flush-05-34919661732-1-262deb5429d4d9c842d0bc6c830d6699\build\Release\passvault_biometric_windows_after_flush_test.exe "--after-flush-case" "process_death"
2: Working Directory: D:/a/_temp/passvault-windows-after-flush-05-34919661732-1-262deb5429d4d9c842d0bc6c830d6699/build
2: Test timeout computed to be: 30
2: PVA036_AFTER_FLUSH case=process_death fixture=passvault-after-flush-1d1d884c14fca356 root_id=2522649187:131072:9634 setup=OWNED
2: PVA036_JOB phase=suspended case=process_death total=1 active=1 terminated=0
2: PVA036_JOB phase=settled case=process_death total=2 active=0 terminated=0
2: PVA036_AFTER_FLUSH case=process_death process=2660 creation=31278262:1859053004 exit=57339987 stage_id=2522649187:65536:9637 destination_id=2522649187:65536:9635 real_flush=PASS held_before_close=PASS action=TERMINATED residual=OWNED_FLUSHED_STAGING pre_teardown=PASS cleanup=PASS
1/1 Test #2: passvault_biometric_windows_after_flush_process_death ...   Passed    0.04 sec

The following tests passed:
	passvault_biometric_windows_after_flush_process_death

100% tests passed, 0 tests failed out of 1

Total Test time (real) =   0.04 sec
