Picked up JAVA_TOOL_OPTIONS: -Xmx512m -XX:-UsePerfData -Dfile.encoding=UTF-8 -Duser.home=/root/projects/PassVault/audit-runtime-linux-android-framework-package-action07/home -Djava.io.tmpdir=/root/projects/PassVault/audit-runtime-linux-android-framework-package-action07/tmp -Djna.tmpdir=/root/projects/PassVault/audit-runtime-linux-android-framework-package-action07/jna -Dorg.sqlite.tmpdir=/root/projects/PassVault/audit-runtime-linux-android-framework-package-action07/sqlite
Fetching distribution.
Downloading https://services.gradle.org/distributions/gradle-9.7.1-bin.zip
..............10%..............20%...............30%..............40%...............50%..............60%...............70%..............80%..............90%...............100%
Initialized native services in: /root/projects/PassVault/audit-runtime-linux-android-framework-package-action07/gradle-home/native
Initialized jansi services in: /root/projects/PassVault/audit-runtime-linux-android-framework-package-action07/gradle-home/native

Welcome to Gradle 9.7.1!

Here are the highlights of this release:
 - Isolated Projects graduates to incubating
 - Broader Configuration Cache compatibility
 - Resilient Sync helps you fix broken builds
 - More source locations in problem reports

For more details see https://docs.gradle.org/9.7.1/release-notes.html

The current JVM process isn't compatible with build requirement. The maximum heap size is insufficient.

To honour the JVM settings for this build a single-use Daemon process will be forked. For more on this, please refer to https://docs.gradle.org/9.7.1/userguide/gradle_daemon.html#sec:disabling_the_daemon in the Gradle documentation.
Starting process 'Gradle build daemon'. Working directory: /root/projects/PassVault/audit-runtime-linux-android-framework-package-action07/gradle-home/daemon/9.7.1 Command: /usr/lib/jvm/java-17-openjdk-amd64/bin/java --add-opens=java.base/java.lang=ALL-UNNAMED --add-opens=java.base/java.lang.invoke=ALL-UNNAMED --add-opens=java.base/java.util=ALL-UNNAMED --add-opens=java.prefs/java.util.prefs=ALL-UNNAMED --add-exports=jdk.compiler/com.sun.tools.javac.api=ALL-UNNAMED --add-exports=jdk.compiler/com.sun.tools.javac.util=ALL-UNNAMED --add-opens=java.base/java.nio.charset=ALL-UNNAMED --add-opens=java.base/java.net=ALL-UNNAMED --add-opens=java.base/java.util.concurrent=ALL-UNNAMED --add-opens=java.base/java.util.concurrent.atomic=ALL-UNNAMED --add-opens=java.xml/javax.xml.namespace=ALL-UNNAMED --add-opens=java.base/java.time=ALL-UNNAMED -Xmx2g -Dfile.encoding=UTF-8 -Djava.io.tmpdir=/root/projects/PassVault/audit-runtime-linux-android-framework-package-action07/tmp -Duser.country -Duser.language=en -Duser.variant -cp /root/projects/PassVault/audit-runtime-linux-android-framework-package-action07/gradle-home/wrapper/dists/gradle-9.7.1-bin/1w1c7tv4s851m17nbqdsro2tv/gradle-9.7.1/lib/gradle-daemon-main-9.7.1.jar -javaagent:/root/projects/PassVault/audit-runtime-linux-android-framework-package-action07/gradle-home/wrapper/dists/gradle-9.7.1-bin/1w1c7tv4s851m17nbqdsro2tv/gradle-9.7.1/lib/agents/gradle-instrumentation-agent-9.7.1.jar org.gradle.launcher.daemon.bootstrap.GradleDaemon 9.7.1
Successfully started process 'Gradle build daemon'
An attempt to start the daemon took 1.354 secs.
The client will now receive all logging from the daemon (pid: 72). The daemon log file: /root/projects/PassVault/audit-runtime-linux-android-framework-package-action07/gradle-home/daemon/9.7.1/daemon-72.out.log
Daemon will be stopped at the end of the build 
Using 1 worker leases.
Operational build model parameters: {cachingModelBuilding=false, configurationCache=false, configurationCacheDisabledReason=null, configurationCacheParallelLoad=false, configurationCacheParallelStore=false, configureOnDemand=false, invalidateCoupledProjects=false, isolatedProjects=false, isolatedProjectsDiagnostics=false, isolatedProjectsDangerouslyIgnoreProblems=false, modelAsProjectDependency=false, modelBuilding=false, parallelModelBuilding=false, parallelProjectConfiguration=false, parallelProjectExecution=false, vintage=true}
Received JVM installation metadata from '/usr/lib/jvm/java-17-openjdk-amd64': {JAVA_HOME=/usr/lib/jvm/java-17-openjdk-amd64, JAVA_VERSION=17.0.20, JAVA_VENDOR=Ubuntu, RUNTIME_NAME=OpenJDK Runtime Environment, RUNTIME_VERSION=17.0.20+8-1-24.04-Ubuntu, VM_NAME=OpenJDK 64-Bit Server VM, VM_VERSION=17.0.20+8-1-24.04-Ubuntu, VM_VENDOR=Ubuntu, OS_ARCH=amd64}
Watching the file system is configured to be enabled if available
Not watching /root/projects/PassVault/audit-runtime-linux-android-framework-package-action07/checkout since the file system is not supported
File system watching is active
Caching disabled for Groovy DSL script compilation (cp_init) because:
  Build cache is disabled
  Not worth caching.
Compiling initialization script '/root/projects/PassVault/passvault-linux/docs/audit-continuation/2026-09-08-linux/reviews/team20/resume_disk/root/android-framework-package-action-instance07/INIT.gradle' using SubsetScriptTransformer.
Caching disabled for Groovy DSL script compilation (init) because:
  Build cache is disabled
  Not worth caching.
Compiling initialization script '/root/projects/PassVault/passvault-linux/docs/audit-continuation/2026-09-08-linux/reviews/team20/resume_disk/root/android-framework-package-action-instance07/INIT.gradle' using BuildScriptTransformer.
PASSVAULT_ANDROID_ARG_VECTOR={"format":"passvault-android-argument-vector-v3","runId":"linux-android-framework-package-action07","phase":"AFTER_ARG12_BEFORE_ARG13","sourceManifestSha256":"UNBOUND","propertySourceSha256":"323971ec6c0f02ff28c724b4c4f3120b5b8843faf3d77608485c1e15fb633235","propertyContract":"EXACT_CLI_NATIVE_PLUS_FIXED_TOOLCHAIN_9_V1","compatibilityShape":"EXACT_CLI_NATIVE_PLUS_FIXED_TOOLCHAIN_9","qualification":"NEW_EXACT_CONTRACT_NOT_REPRODUCED_CAUSE_OR_TASK_AUTHORITY","projectMapKind":"MAP","systemMapKind":"MAP","keys":{"state":"COUNT_AND_FIXED_KEYS_VALUES_ONLY","count":9,"expectedMask":"111111","sourceOnlyMask":"0000000000000000","sourceStringMask":"0000000000000000","sourceValueMatchMask":"0000000000000000","toolchainOnlyMask":"111","toolchainStringMask":"111","toolchainValueMatchMask":"111","sizeAndExpectedMembershipAgree":true},"types":{"ARG14":"STRING","ARG15":"STRING","ARG16":"STRING","ARG17":"STRING","ARG18":"STRING","ARG19":"STRING","JAVA_HOME":"STRING"},"outcomes":{"LEGACY_ARG13":"REJECT","ARG14":"ACCEPT","ARG15":"ACCEPT","ARG16":"ACCEPT","ARG17":"ACCEPT","ARG18":"ACCEPT","ARG19":"ACCEPT","ARG20":"ACCEPT"},"diagnosticError":false}
Starting Build
Caching disabled for Kotlin DSL script compilation (Settings/TopLevel/stage1) because:
  Build cache is disabled
Resource missing. [HTTP GET: https://repo.maven.apache.org/maven2/org/gradle/toolchains/foojay-resolver-convention/org.gradle.toolchains.foojay-resolver-convention.gradle.plugin/1.0.0/org.gradle.toolchains.foojay-resolver-convention.gradle.plugin-1.0.0.pom]
Resource missing. [HTTP GET: https://repo.maven.apache.org/maven2/org/gradle/toolchains/foojay-resolver-convention/org.gradle.toolchains.foojay-resolver-convention.gradle.plugin/1.0.0/org.gradle.toolchains.foojay-resolver-convention.gradle.plugin-1.0.0.pom]
Downloading https://plugins.gradle.org/m2/org/gradle/toolchains/foojay-resolver-convention/org.gradle.toolchains.foojay-resolver-convention.gradle.plugin/1.0.0/org.gradle.toolchains.foojay-resolver-convention.gradle.plugin-1.0.0.pom to /root/projects/PassVault/audit-runtime-linux-android-framework-package-action07/gradle-home/.tmp/gradle_download10361592857985791080bin
Resource missing. [HTTP HEAD: https://plugins.gradle.org/m2/org/gradle/toolchains/foojay-resolver-convention/org.gradle.toolchains.foojay-resolver-convention.gradle.plugin/1.0.0/org.gradle.toolchains.foojay-resolver-convention.gradle.plugin-1.0.0.jar]
Resolved plugin [id: 'org.gradle.toolchains.foojay-resolver-convention', version: '1.0.0']
