Run Tests	Run KMP and native security analysis	﻿2026-09-15T07:31:36.2874243Z ##[group]Run ./scripts/run-security-analysis.sh
Run Tests	Run KMP and native security analysis	2026-09-15T07:31:36.2874687Z [36;1m./scripts/run-security-analysis.sh[0m
Run Tests	Run KMP and native security analysis	2026-09-15T07:31:36.2911760Z shell: /usr/bin/bash --noprofile --norc scripts/ci-python.sh scripts/ci-run.py {0}
Run Tests	Run KMP and native security analysis	2026-09-15T07:31:36.2912216Z env:
Run Tests	Run KMP and native security analysis	2026-09-15T07:31:36.2912411Z   JAVA_VERSION: 17
Run Tests	Run KMP and native security analysis	2026-09-15T07:31:36.2912962Z   GRADLE_OPTS: -Dorg.gradle.daemon=false -Dorg.gradle.workers.max=1 -Dorg.gradle.parallel=false -Dorg.gradle.configureondemand=false
Run Tests	Run KMP and native security analysis	2026-09-15T07:31:36.2914007Z   JAVA_HOME: /opt/hostedtoolcache/Java_Temurin-Hotspot_jdk/17.0.20-1/x64
Run Tests	Run KMP and native security analysis	2026-09-15T07:31:36.2914525Z   JAVA_HOME_17_X64: /opt/hostedtoolcache/Java_Temurin-Hotspot_jdk/17.0.20-1/x64
Run Tests	Run KMP and native security analysis	2026-09-15T07:31:36.2914924Z   MAVEN_ARGS: -ntp
Run Tests	Run KMP and native security analysis	2026-09-15T07:31:36.2915183Z   GRADLE_ACTION_ID: gradle/actions/setup-gradle
Run Tests	Run KMP and native security analysis	2026-09-15T07:31:36.2915699Z   GRADLE_USER_HOME: /home/runner/.gradle
Run Tests	Run KMP and native security analysis	2026-09-15T07:31:36.2916000Z   GRADLE_BUILD_ACTION_SETUP_COMPLETED: true
Run Tests	Run KMP and native security analysis	2026-09-15T07:31:36.2916452Z   DEVELOCITY_INJECTION_INIT_SCRIPT_NAME: gradle-actions.inject-develocity.init.gradle
Run Tests	Run KMP and native security analysis	2026-09-15T07:31:36.2916971Z   DEVELOCITY_INJECTION_CUSTOM_VALUE: gradle-actions
Run Tests	Run KMP and native security analysis	2026-09-15T07:31:36.2917300Z   GITHUB_DEPENDENCY_GRAPH_ENABLED: false
Run Tests	Run KMP and native security analysis	2026-09-15T07:31:36.2917570Z ##[endgroup]
Run Tests	Run KMP and native security analysis	2026-09-15T07:31:40.5016459Z 
Run Tests	Run KMP and native security analysis	2026-09-15T07:31:40.5016716Z 
Run Tests	Run KMP and native security analysis	2026-09-15T07:31:40.5017555Z ┌─────────────┐
Run Tests	Run KMP and native security analysis	2026-09-15T07:31:40.5018043Z │ Scan Status │
Run Tests	Run KMP and native security analysis	2026-09-15T07:31:40.5018491Z └─────────────┘
Run Tests	Run KMP and native security analysis	2026-09-15T07:31:40.5018890Z   Scanning 1 file tracked by git with 6 Code rules:
Run Tests	Run KMP and native security analysis	2026-09-15T07:31:40.5019166Z 
Run Tests	Run KMP and native security analysis	2026-09-15T07:31:40.5019376Z   Language   Rules   Files          Origin      Rules
Run Tests	Run KMP and native security analysis	2026-09-15T07:31:40.5020478Z  ──────────────────────────        ───────────────────
Run Tests	Run KMP and native security analysis	2026-09-15T07:31:40.5021130Z   yaml           6       1          Community       6
Run Tests	Run KMP and native security analysis	2026-09-15T07:31:40.5021556Z 
Run Tests	Run KMP and native security analysis	2026-09-15T07:31:40.5146125Z Configuration is valid - found 0 fatal errors, 0 skippable error(s), and 11 rule(s).
Run Tests	Run KMP and native security analysis	2026-09-15T07:31:41.4476753Z 11/11: ✓ All tests passed
Run Tests	Run KMP and native security analysis	2026-09-15T07:31:41.4477214Z No tests for fixes found.
Run Tests	Run KMP and native security analysis	2026-09-15T07:31:43.0191940Z                
Run Tests	Run KMP and native security analysis	2026-09-15T07:31:43.0192430Z                
Run Tests	Run KMP and native security analysis	2026-09-15T07:31:43.0193079Z ┌─────────────┐
Run Tests	Run KMP and native security analysis	2026-09-15T07:31:43.0194068Z │ Scan Status │
Run Tests	Run KMP and native security analysis	2026-09-15T07:31:43.0194694Z └─────────────┘
Run Tests	Run KMP and native security analysis	2026-09-15T07:31:43.0195979Z   Scanning 1 file tracked by git with 11 Code rules:
Run Tests	Run KMP and native security analysis	2026-09-15T07:31:43.0234112Z                                                                                                                         
Run Tests	Run KMP and native security analysis	2026-09-15T07:31:43.0235137Z   Language      Rules   Files          Origin   Rules                                                                   
Run Tests	Run KMP and native security analysis	2026-09-15T07:31:43.0235997Z  ─────────────────────────────        ────────────────                                                                  
Run Tests	Run KMP and native security analysis	2026-09-15T07:31:43.0236644Z   <multilang>       2       1          Custom      11                                                                   
Run Tests	Run KMP and native security analysis	2026-09-15T07:31:43.0237173Z   kotlin            1       1                                                                                           
Run Tests	Run KMP and native security analysis	2026-09-15T07:31:43.0237652Z                                                                                                                         
Run Tests	Run KMP and native security analysis	2026-09-15T07:31:43.2405964Z                 
Run Tests	Run KMP and native security analysis	2026-09-15T07:31:43.2406285Z                 
Run Tests	Run KMP and native security analysis	2026-09-15T07:31:43.2406713Z ┌──────────────┐
Run Tests	Run KMP and native security analysis	2026-09-15T07:31:43.2406949Z │ Scan Summary │
Run Tests	Run KMP and native security analysis	2026-09-15T07:31:43.2407180Z └──────────────┘
Run Tests	Run KMP and native security analysis	2026-09-15T07:31:43.2407306Z 
Run Tests	Run KMP and native security analysis	2026-09-15T07:31:43.2407428Z Ran 3 rules on 1 file: 1 finding.
Run Tests	Run KMP and native security analysis	2026-09-15T07:31:44.3483115Z OpenGrep failure canary produced the expected passvault.kotlin.insecure-cipher-transformation finding.
Run Tests	Run KMP and native security analysis	2026-09-15T07:31:46.4323195Z                
Run Tests	Run KMP and native security analysis	2026-09-15T07:31:46.4324214Z                
Run Tests	Run KMP and native security analysis	2026-09-15T07:31:46.4324926Z ┌─────────────┐
Run Tests	Run KMP and native security analysis	2026-09-15T07:31:46.4325346Z │ Scan Status │
Run Tests	Run KMP and native security analysis	2026-09-15T07:31:46.4325782Z └─────────────┘
Run Tests	Run KMP and native security analysis	2026-09-15T07:31:46.4331930Z   Scanning 553 files tracked by git with 11 Code rules:
Run Tests	Run KMP and native security analysis	2026-09-15T07:31:46.4588055Z                                                                                                                         
Run Tests	Run KMP and native security analysis	2026-09-15T07:31:46.4589608Z   Language      Rules   Files          Origin   Rules                                                                   
Run Tests	Run KMP and native security analysis	2026-09-15T07:31:46.4591032Z  ─────────────────────────────        ────────────────                                                                  
Run Tests	Run KMP and native security analysis	2026-09-15T07:31:46.4592029Z   <multilang>       5     553          Custom      11                                                                   
Run Tests	Run KMP and native security analysis	2026-09-15T07:31:46.4592959Z   kotlin            5     415                                                                                           
Run Tests	Run KMP and native security analysis	2026-09-15T07:31:46.4594091Z   swift             1       2                                                                                           
Run Tests	Run KMP and native security analysis	2026-09-15T07:31:46.4595203Z                                                                                                                         
Run Tests	Run KMP and native security analysis	2026-09-15T07:31:47.9802211Z                 
Run Tests	Run KMP and native security analysis	2026-09-15T07:31:47.9802662Z                 
Run Tests	Run KMP and native security analysis	2026-09-15T07:31:47.9803191Z ┌──────────────┐
Run Tests	Run KMP and native security analysis	2026-09-15T07:31:47.9803657Z │ Scan Summary │
Run Tests	Run KMP and native security analysis	2026-09-15T07:31:47.9803902Z └──────────────┘
Run Tests	Run KMP and native security analysis	2026-09-15T07:31:47.9804193Z Some files were skipped or only partially analyzed.
Run Tests	Run KMP and native security analysis	2026-09-15T07:31:47.9804749Z   Partially scanned: 5 files only partially analyzed due to parsing or internal Opengrep errors
Run Tests	Run KMP and native security analysis	2026-09-15T07:31:47.9805301Z   Scan skipped: 11 files matching .semgrepignore patterns
Run Tests	Run KMP and native security analysis	2026-09-15T07:31:47.9805753Z   For a full list of skipped files, run opengrep with the --verbose flag.
Run Tests	Run KMP and native security analysis	2026-09-15T07:31:47.9806050Z 
Run Tests	Run KMP and native security analysis	2026-09-15T07:31:47.9806171Z Ran 11 rules on 553 files: 0 findings.
Run Tests	Run KMP and native security analysis	2026-09-15T07:31:48.1782941Z A partial-parser allowlisted file changed and requires review: core/database/src/commonMain/kotlin/com/passvault/core/database/backup/VaultBackupV2Service.kt
Run Tests	Run KMP and native security analysis	2026-09-15T07:31:50.1619098Z ##[error]Process completed with exit code 1.
CI Gate	Require every CI job to pass	﻿2026-09-15T07:31:59.7681508Z ##[group]Run for result in \
CI Gate	Require every CI job to pass	2026-09-15T07:31:59.7682733Z [36;1mfor result in \[0m
CI Gate	Require every CI job to pass	2026-09-15T07:31:59.7683964Z [36;1m  "$VALIDATE_RESULT" "$DEPENDENCY_RESULT" "$ANDROID_RESULT" \[0m
CI Gate	Require every CI job to pass	2026-09-15T07:31:59.7686190Z [36;1m  "$DESKTOP_RESULT" "$MACOS_PACKAGE_RESULT" "$TEST_RESULT" \[0m
CI Gate	Require every CI job to pass	2026-09-15T07:31:59.7687760Z [36;1m  "$SHARED_RESULT" "$IOS_RESULT"; do[0m
CI Gate	Require every CI job to pass	2026-09-15T07:31:59.7689095Z [36;1m  if [[ "$result" != success ]]; then[0m
CI Gate	Require every CI job to pass	2026-09-15T07:31:59.7690528Z [36;1m    echo "A required CI job did not pass (result: $result)." >&2[0m
CI Gate	Require every CI job to pass	2026-09-15T07:31:59.7691943Z [36;1m    exit 1[0m
CI Gate	Require every CI job to pass	2026-09-15T07:31:59.7692995Z [36;1m  fi[0m
CI Gate	Require every CI job to pass	2026-09-15T07:31:59.7693859Z [36;1mdone[0m
CI Gate	Require every CI job to pass	2026-09-15T07:31:59.8220600Z shell: /usr/bin/bash -e {0}
CI Gate	Require every CI job to pass	2026-09-15T07:31:59.8222240Z env:
CI Gate	Require every CI job to pass	2026-09-15T07:31:59.8223649Z   JAVA_VERSION: 17
CI Gate	Require every CI job to pass	2026-09-15T07:31:59.8225896Z   GRADLE_OPTS: -Dorg.gradle.daemon=false -Dorg.gradle.workers.max=1 -Dorg.gradle.parallel=false -Dorg.gradle.configureondemand=false
CI Gate	Require every CI job to pass	2026-09-15T07:31:59.8228154Z   VALIDATE_RESULT: success
CI Gate	Require every CI job to pass	2026-09-15T07:31:59.8229410Z   DEPENDENCY_RESULT: success
CI Gate	Require every CI job to pass	2026-09-15T07:31:59.8230511Z   ANDROID_RESULT: skipped
CI Gate	Require every CI job to pass	2026-09-15T07:31:59.8231602Z   DESKTOP_RESULT: skipped
CI Gate	Require every CI job to pass	2026-09-15T07:31:59.8232650Z   MACOS_PACKAGE_RESULT: skipped
CI Gate	Require every CI job to pass	2026-09-15T07:31:59.8233813Z   TEST_RESULT: failure
CI Gate	Require every CI job to pass	2026-09-15T07:31:59.8235151Z   SHARED_RESULT: skipped
CI Gate	Require every CI job to pass	2026-09-15T07:31:59.8236393Z   IOS_RESULT: skipped
CI Gate	Require every CI job to pass	2026-09-15T07:31:59.8237332Z ##[endgroup]
CI Gate	Require every CI job to pass	2026-09-15T07:31:59.8592715Z A required CI job did not pass (result: skipped).
CI Gate	Require every CI job to pass	2026-09-15T07:31:59.8620832Z ##[error]Process completed with exit code 1.
