Compiled from "GtkFileDialogPeer.java"
final class sun.awt.X11.GtkFileDialogPeer extends sun.awt.X11.XDialogPeer implements java.awt.peer.FileDialogPeer {
  private final java.awt.FileDialog fd;

  private volatile long widget;

  private long standaloneWindow;

  private volatile boolean quit;

  sun.awt.X11.GtkFileDialogPeer(java.awt.FileDialog);
    Code:
       0: aload_0
       1: aload_1
       2: invokespecial #1                  // Method sun/awt/X11/XDialogPeer."<init>":(Ljava/awt/Dialog;)V
       5: aload_0
       6: lconst_0
       7: putfield      #7                  // Field widget:J
      10: aload_0
      11: aload_1
      12: putfield      #13                 // Field fd:Ljava/awt/FileDialog;
      15: return

  private static native void initIDs();

  private native void run(java.lang.String, int, java.lang.String, java.lang.String, java.io.FilenameFilter, boolean, int, int);

  private native void quit();

  public native void toFront();

  public native void setBounds(int, int, int, int, int);

  private void setFileInternal(java.lang.String, java.lang.String[]);
    Code:
       0: invokestatic  #17                 // Method sun/awt/AWTAccessor.getFileDialogAccessor:()Lsun/awt/AWTAccessor$FileDialogAccessor;
       3: astore_3
       4: aload_2
       5: ifnonnull     44
       8: aload_3
       9: aload_0
      10: getfield      #13                 // Field fd:Ljava/awt/FileDialog;
      13: aconst_null
      14: invokeinterface #23,  3           // InterfaceMethod sun/awt/AWTAccessor$FileDialogAccessor.setDirectory:(Ljava/awt/FileDialog;Ljava/lang/String;)V
      19: aload_3
      20: aload_0
      21: getfield      #13                 // Field fd:Ljava/awt/FileDialog;
      24: aconst_null
      25: invokeinterface #29,  3           // InterfaceMethod sun/awt/AWTAccessor$FileDialogAccessor.setFile:(Ljava/awt/FileDialog;Ljava/lang/String;)V
      30: aload_3
      31: aload_0
      32: getfield      #13                 // Field fd:Ljava/awt/FileDialog;
      35: aconst_null
      36: invokeinterface #32,  3           // InterfaceMethod sun/awt/AWTAccessor$FileDialogAccessor.setFiles:(Ljava/awt/FileDialog;[Ljava/io/File;)V
      41: goto          165
      44: aload_1
      45: astore        4
      47: aload_1
      48: ifnull        76
      51: aload_1
      52: getstatic     #36                 // Field java/io/File.separator:Ljava/lang/String;
      55: invokevirtual #42                 // Method java/lang/String.endsWith:(Ljava/lang/String;)Z
      58: ifeq          65
      61: aload_1
      62: goto          74
      65: aload_1
      66: getstatic     #36                 // Field java/io/File.separator:Ljava/lang/String;
      69: invokedynamic #48,  0             // InvokeDynamic #0:makeConcatWithConstants:(Ljava/lang/String;Ljava/lang/String;)Ljava/lang/String;
      74: astore        4
      76: aload_3
      77: aload_0
      78: getfield      #13                 // Field fd:Ljava/awt/FileDialog;
      81: aload         4
      83: invokeinterface #23,  3           // InterfaceMethod sun/awt/AWTAccessor$FileDialogAccessor.setDirectory:(Ljava/awt/FileDialog;Ljava/lang/String;)V
      88: aload_3
      89: aload_0
      90: getfield      #13                 // Field fd:Ljava/awt/FileDialog;
      93: aload_2
      94: iconst_0
      95: aaload
      96: invokeinterface #29,  3           // InterfaceMethod sun/awt/AWTAccessor$FileDialogAccessor.setFile:(Ljava/awt/FileDialog;Ljava/lang/String;)V
     101: aload_2
     102: ifnull        110
     105: aload_2
     106: arraylength
     107: goto          111
     110: iconst_0
     111: istore        5
     113: iload         5
     115: anewarray     #37                 // class java/io/File
     118: astore        6
     120: iconst_0
     121: istore        7
     123: iload         7
     125: iload         5
     127: if_icmpge     153
     130: aload         6
     132: iload         7
     134: new           #37                 // class java/io/File
     137: dup
     138: aload_1
     139: aload_2
     140: iload         7
     142: aaload
     143: invokespecial #52                 // Method java/io/File."<init>":(Ljava/lang/String;Ljava/lang/String;)V
     146: aastore
     147: iinc          7, 1
     150: goto          123
     153: aload_3
     154: aload_0
     155: getfield      #13                 // Field fd:Ljava/awt/FileDialog;
     158: aload         6
     160: invokeinterface #32,  3           // InterfaceMethod sun/awt/AWTAccessor$FileDialogAccessor.setFiles:(Ljava/awt/FileDialog;[Ljava/io/File;)V
     165: return

  private boolean filenameFilterCallback(java.lang.String);
    Code:
       0: aload_0
       1: getfield      #13                 // Field fd:Ljava/awt/FileDialog;
       4: invokevirtual #55                 // Method java/awt/FileDialog.getFilenameFilter:()Ljava/io/FilenameFilter;
       7: ifnonnull     12
      10: iconst_1
      11: ireturn
      12: new           #37                 // class java/io/File
      15: dup
      16: aload_1
      17: invokespecial #61                 // Method java/io/File."<init>":(Ljava/lang/String;)V
      20: astore_2
      21: aload_0
      22: getfield      #13                 // Field fd:Ljava/awt/FileDialog;
      25: invokevirtual #55                 // Method java/awt/FileDialog.getFilenameFilter:()Ljava/io/FilenameFilter;
      28: new           #37                 // class java/io/File
      31: dup
      32: aload_2
      33: invokevirtual #64                 // Method java/io/File.getParent:()Ljava/lang/String;
      36: invokespecial #61                 // Method java/io/File."<init>":(Ljava/lang/String;)V
      39: aload_2
      40: invokevirtual #68                 // Method java/io/File.getName:()Ljava/lang/String;
      43: invokeinterface #71,  3           // InterfaceMethod java/io/FilenameFilter.accept:(Ljava/io/File;Ljava/lang/String;)Z
      48: ireturn

  public void setVisible(boolean);
    Code:
       0: invokestatic  #77                 // Method sun/awt/X11/XToolkit.awtLock:()V
       3: aload_0
       4: iload_1
       5: ifne          12
       8: iconst_1
       9: goto          13
      12: iconst_0
      13: putfield      #83                 // Field quit:Z
      16: iload_1
      17: ifeq          46
      20: aload_0
      21: invokedynamic #87,  0             // InvokeDynamic #1:run:(Lsun/awt/X11/GtkFileDialogPeer;)Ljava/lang/Runnable;
      26: astore_2
      27: new           #91                 // class java/lang/Thread
      30: dup
      31: aconst_null
      32: aload_2
      33: ldc           #93                 // String ShowDialog
      35: lconst_0
      36: iconst_0
      37: invokespecial #95                 // Method java/lang/Thread."<init>":(Ljava/lang/ThreadGroup;Ljava/lang/Runnable;Ljava/lang/String;JZ)V
      40: invokevirtual #98                 // Method java/lang/Thread.start:()V
      43: goto          58
      46: aload_0
      47: invokevirtual #101                // Method quit:()V
      50: aload_0
      51: getfield      #13                 // Field fd:Ljava/awt/FileDialog;
      54: iconst_0
      55: invokevirtual #103                // Method java/awt/FileDialog.setVisible:(Z)V
      58: invokestatic  #107                // Method sun/awt/X11/XToolkit.awtUnlock:()V
      61: goto          70
      64: astore_3
      65: invokestatic  #107                // Method sun/awt/X11/XToolkit.awtUnlock:()V
      68: aload_3
      69: athrow
      70: return
    Exception table:
       from    to  target type
           3    58    64   any

  public void dispose();
    Code:
       0: invokestatic  #77                 // Method sun/awt/X11/XToolkit.awtLock:()V
       3: aload_0
       4: iconst_1
       5: putfield      #83                 // Field quit:Z
       8: aload_0
       9: invokevirtual #101                // Method quit:()V
      12: invokestatic  #107                // Method sun/awt/X11/XToolkit.awtUnlock:()V
      15: goto          24
      18: astore_1
      19: invokestatic  #107                // Method sun/awt/X11/XToolkit.awtUnlock:()V
      22: aload_1
      23: athrow
      24: aload_0
      25: invokespecial #110                // Method sun/awt/X11/XDialogPeer.dispose:()V
      28: return
    Exception table:
       from    to  target type
           3    12    18   any

  public void setDirectory(java.lang.String);
    Code:
       0: return

  public void setFile(java.lang.String);
    Code:
       0: return

  protected void requestXFocus(long, boolean);
    Code:
       0: aload_0
       1: getfield      #113                // Field standaloneWindow:J
       4: lconst_0
       5: lcmp
       6: ifne          16
       9: aload_0
      10: lload_1
      11: iload_3
      12: invokespecial #116                // Method sun/awt/X11/XDialogPeer.requestXFocus:(JZ)V
      15: return
      16: invokestatic  #120                // Method sun/awt/X11/XWM.getWM:()Lsun/awt/X11/XWM;
      19: invokevirtual #126                // Method sun/awt/X11/XWM.getNETProtocol:()Lsun/awt/X11/XNETProtocol;
      22: astore        4
      24: aload         4
      26: ifnull        38
      29: aload         4
      31: aload_0
      32: getfield      #113                // Field standaloneWindow:J
      35: invokevirtual #130                // Method sun/awt/X11/XNETProtocol.setActiveWindow:(J)V
      38: return

  public void setFilenameFilter(java.io.FilenameFilter);
    Code:
       0: return

  private void showNativeDialog();
    Code:
       0: aload_0
       1: getfield      #13                 // Field fd:Ljava/awt/FileDialog;
       4: invokevirtual #136                // Method java/awt/FileDialog.getDirectory:()Ljava/lang/String;
       7: astore_1
       8: aload_0
       9: getfield      #13                 // Field fd:Ljava/awt/FileDialog;
      12: invokevirtual #139                // Method java/awt/FileDialog.getFile:()Ljava/lang/String;
      15: astore_2
      16: aload_2
      17: ifnull        104
      20: new           #37                 // class java/io/File
      23: dup
      24: aload_2
      25: invokespecial #61                 // Method java/io/File."<init>":(Ljava/lang/String;)V
      28: astore_3
      29: aload_0
      30: getfield      #13                 // Field fd:Ljava/awt/FileDialog;
      33: invokevirtual #142                // Method java/awt/FileDialog.getMode:()I
      36: ifne          76
      39: aload_1
      40: ifnull        76
      43: aload_3
      44: invokevirtual #64                 // Method java/io/File.getParent:()Ljava/lang/String;
      47: ifnonnull     76
      50: aload_1
      51: aload_1
      52: getstatic     #36                 // Field java/io/File.separator:Ljava/lang/String;
      55: invokevirtual #42                 // Method java/lang/String.endsWith:(Ljava/lang/String;)Z
      58: ifeq          66
      61: ldc           #146                // String
      63: goto          69
      66: getstatic     #36                 // Field java/io/File.separator:Ljava/lang/String;
      69: aload_2
      70: invokedynamic #148,  0            // InvokeDynamic #2:makeConcatWithConstants:(Ljava/lang/String;Ljava/lang/String;Ljava/lang/String;)Ljava/lang/String;
      75: astore_2
      76: aload_0
      77: getfield      #13                 // Field fd:Ljava/awt/FileDialog;
      80: invokevirtual #142                // Method java/awt/FileDialog.getMode:()I
      83: iconst_1
      84: if_icmpne     104
      87: aload_3
      88: invokevirtual #64                 // Method java/io/File.getParent:()Ljava/lang/String;
      91: ifnull        104
      94: aload_3
      95: invokevirtual #68                 // Method java/io/File.getName:()Ljava/lang/String;
      98: astore_2
      99: aload_3
     100: invokevirtual #64                 // Method java/io/File.getParent:()Ljava/lang/String;
     103: astore_1
     104: aload_0
     105: getfield      #83                 // Field quit:Z
     108: ifne          159
     111: aload_0
     112: aload_0
     113: getfield      #13                 // Field fd:Ljava/awt/FileDialog;
     116: invokevirtual #151                // Method java/awt/FileDialog.getTitle:()Ljava/lang/String;
     119: aload_0
     120: getfield      #13                 // Field fd:Ljava/awt/FileDialog;
     123: invokevirtual #142                // Method java/awt/FileDialog.getMode:()I
     126: aload_1
     127: aload_2
     128: aload_0
     129: getfield      #13                 // Field fd:Ljava/awt/FileDialog;
     132: invokevirtual #55                 // Method java/awt/FileDialog.getFilenameFilter:()Ljava/io/FilenameFilter;
     135: aload_0
     136: getfield      #13                 // Field fd:Ljava/awt/FileDialog;
     139: invokevirtual #154                // Method java/awt/FileDialog.isMultipleMode:()Z
     142: aload_0
     143: getfield      #13                 // Field fd:Ljava/awt/FileDialog;
     146: invokevirtual #158                // Method java/awt/FileDialog.getX:()I
     149: aload_0
     150: getfield      #13                 // Field fd:Ljava/awt/FileDialog;
     153: invokevirtual #161                // Method java/awt/FileDialog.getY:()I
     156: invokevirtual #164                // Method run:(Ljava/lang/String;ILjava/lang/String;Ljava/lang/String;Ljava/io/FilenameFilter;ZII)V
     159: return

  boolean setWindow(long);
    Code:
       0: aload_0
       1: getfield      #83                 // Field quit:Z
       4: ifne          27
       7: aload_0
       8: getfield      #7                  // Field widget:J
      11: lconst_0
      12: lcmp
      13: ifeq          27
      16: aload_0
      17: lload_1
      18: putfield      #113                // Field standaloneWindow:J
      21: aload_0
      22: invokevirtual #167                // Method requestXFocus:()V
      25: iconst_1
      26: ireturn
      27: iconst_0
      28: ireturn

  private void lambda$setVisible$0();
    Code:
       0: aload_0
       1: invokevirtual #169                // Method showNativeDialog:()V
       4: aload_0
       5: lconst_0
       6: putfield      #113                // Field standaloneWindow:J
       9: aload_0
      10: getfield      #13                 // Field fd:Ljava/awt/FileDialog;
      13: iconst_0
      14: invokevirtual #103                // Method java/awt/FileDialog.setVisible:(Z)V
      17: return

  static {};
    Code:
       0: invokestatic  #172                // Method initIDs:()V
       3: return
}
