Internal ctest changing into directory: D:/a/_temp/passvault-windows-after-flush-03-34906490705-1-bcd4f43bf38918c03bf05e5d69af7167/build
UpdateCTestConfiguration  from :D:/a/_temp/passvault-windows-after-flush-03-34906490705-1-bcd4f43bf38918c03bf05e5d69af7167/build/DartConfiguration.tcl
Parse Config file:D:/a/_temp/passvault-windows-after-flush-03-34906490705-1-bcd4f43bf38918c03bf05e5d69af7167/build/DartConfiguration.tcl
UpdateCTestConfiguration  from :D:/a/_temp/passvault-windows-after-flush-03-34906490705-1-bcd4f43bf38918c03bf05e5d69af7167/build/DartConfiguration.tcl
Parse Config file:D:/a/_temp/passvault-windows-after-flush-03-34906490705-1-bcd4f43bf38918c03bf05e5d69af7167/build/DartConfiguration.tcl
Test project D:/a/_temp/passvault-windows-after-flush-03-34906490705-1-bcd4f43bf38918c03bf05e5d69af7167/build
Constructing a list of tests
Done constructing a list of tests
Updating test list for fixtures
Added 0 tests to meet fixture requirements
Checking test dependency graph...
Checking test dependency graph end
test 1
    Start 1: passvault_biometric_windows_after_flush_continue

1: Test command: D:\a\_temp\passvault-windows-after-flush-03-34906490705-1-bcd4f43bf38918c03bf05e5d69af7167\build\Release\passvault_biometric_windows_after_flush_test.exe "--after-flush-case" "continue"
1: Working Directory: D:/a/_temp/passvault-windows-after-flush-03-34906490705-1-bcd4f43bf38918c03bf05e5d69af7167/build
1: Test timeout computed to be: 30
1: PVA036_AFTER_FLUSH case=continue fixture=passvault-after-flush-1b353e5d7ee0561b root_id=2320037285:131072:9105 setup=OWNED
1: PVA036_AFTER_FLUSH case=continue result=FAIL line=1211 cleanup=HOLD retry=NO
1/1 Test #1: passvault_biometric_windows_after_flush_continue ...***Failed    0.04 sec
PVA036_AFTER_FLUSH case=continue fixture=passvault-after-flush-1b353e5d7ee0561b root_id=2320037285:131072:9105 setup=OWNED
PVA036_AFTER_FLUSH case=continue result=FAIL line=1211 cleanup=HOLD retry=NO


0% tests passed, 1 tests failed out of 1

Total Test time (real) =   0.04 sec

The following tests FAILED:
	  1 - passvault_biometric_windows_after_flush_continue (Failed)
Errors while running CTest
