Internal ctest changing into directory: D:/a/_temp/passvault-windows-after-flush-02-34903676569-1-478d5027212d755ebb61061539985c7c/build
UpdateCTestConfiguration  from :D:/a/_temp/passvault-windows-after-flush-02-34903676569-1-478d5027212d755ebb61061539985c7c/build/DartConfiguration.tcl
Parse Config file:D:/a/_temp/passvault-windows-after-flush-02-34903676569-1-478d5027212d755ebb61061539985c7c/build/DartConfiguration.tcl
UpdateCTestConfiguration  from :D:/a/_temp/passvault-windows-after-flush-02-34903676569-1-478d5027212d755ebb61061539985c7c/build/DartConfiguration.tcl
Parse Config file:D:/a/_temp/passvault-windows-after-flush-02-34903676569-1-478d5027212d755ebb61061539985c7c/build/DartConfiguration.tcl
Test project D:/a/_temp/passvault-windows-after-flush-02-34903676569-1-478d5027212d755ebb61061539985c7c/build
Constructing a list of tests
Done constructing a list of tests
Updating test list for fixtures
Added 0 tests to meet fixture requirements
Checking test dependency graph...
Checking test dependency graph end
test 1
    Start 1: passvault_biometric_windows_after_flush_continue

1: Test command: D:\a\_temp\passvault-windows-after-flush-02-34903676569-1-478d5027212d755ebb61061539985c7c\build\Release\passvault_biometric_windows_after_flush_test.exe "--after-flush-case" "continue"
1: Working Directory: D:/a/_temp/passvault-windows-after-flush-02-34903676569-1-478d5027212d755ebb61061539985c7c/build
1: Test timeout computed to be: 30
1: PVA036_AFTER_FLUSH case=continue fixture=passvault-after-flush-5a8995419e3ee8f3 root_id=2013770369:131072:9032 setup=OWNED
1: PVA036_SEED label=destination suffix_chars=16 reached=31 succeeded=31 observed_errors=0,0,0,0,0 final_observed_error=32
1: PVA036_AFTER_FLUSH case=continue result=FAIL line=1092 cleanup=HOLD retry=NO
1/1 Test #1: passvault_biometric_windows_after_flush_continue ...***Failed    0.02 sec
PVA036_AFTER_FLUSH case=continue fixture=passvault-after-flush-5a8995419e3ee8f3 root_id=2013770369:131072:9032 setup=OWNED
PVA036_SEED label=destination suffix_chars=16 reached=31 succeeded=31 observed_errors=0,0,0,0,0 final_observed_error=32
PVA036_AFTER_FLUSH case=continue result=FAIL line=1092 cleanup=HOLD retry=NO


0% tests passed, 1 tests failed out of 1

Total Test time (real) =   0.02 sec

The following tests FAILED:
	  1 - passvault_biometric_windows_after_flush_continue (Failed)
Errors while running CTest
