docs/audit-continuation/2026-09-08-linux/runs/macos-focused02/WORKFLOW.log:185: trailing whitespace.
+native-five	Retain only newly owned compact synthetic evidence	
docs/audit-continuation/2026-09-08-linux/runs/macos-focused02/inventory.log:2: trailing whitespace.
+  "backtraceGraph" : 
docs/audit-continuation/2026-09-08-linux/runs/macos-focused02/inventory.log:4: trailing whitespace.
+    "commands" : 
docs/audit-continuation/2026-09-08-linux/runs/macos-focused02/inventory.log:8: trailing whitespace.
+    "files" : 
docs/audit-continuation/2026-09-08-linux/runs/macos-focused02/inventory.log:12: trailing whitespace.
+    "nodes" : 
docs/audit-continuation/2026-09-08-linux/runs/macos-focused02/inventory.log:62: trailing whitespace.
+  "tests" : 
docs/audit-continuation/2026-09-08-linux/runs/macos-focused02/inventory.log:66: trailing whitespace.
+      "command" : 
docs/audit-continuation/2026-09-08-linux/runs/macos-focused02/inventory.log:71: trailing whitespace.
+      "properties" : 
docs/audit-continuation/2026-09-08-linux/runs/macos-focused02/inventory.log:81: trailing whitespace.
+      "command" : 
docs/audit-continuation/2026-09-08-linux/runs/macos-focused02/inventory.log:88: trailing whitespace.
+      "properties" : 
docs/audit-continuation/2026-09-08-linux/runs/macos-focused02/inventory.log:98: trailing whitespace.
+      "command" : 
docs/audit-continuation/2026-09-08-linux/runs/macos-focused02/inventory.log:105: trailing whitespace.
+      "properties" : 
docs/audit-continuation/2026-09-08-linux/runs/macos-focused02/inventory.log:115: trailing whitespace.
+      "command" : 
docs/audit-continuation/2026-09-08-linux/runs/macos-focused02/inventory.log:122: trailing whitespace.
+      "properties" : 
docs/audit-continuation/2026-09-08-linux/runs/macos-focused02/inventory.log:132: trailing whitespace.
+      "command" : 
docs/audit-continuation/2026-09-08-linux/runs/macos-focused02/inventory.log:137: trailing whitespace.
+      "properties" : 
docs/audit-continuation/2026-09-08-linux/runs/macos-focused02/inventory.log:146: trailing whitespace.
+  "version" : 
