Internal ctest changing into directory: D:/a/_temp/passvault-windows-after-flush-04-34915384375-1-2edcd8daf4f1285090273f9a924cc2d2/build
UpdateCTestConfiguration  from :D:/a/_temp/passvault-windows-after-flush-04-34915384375-1-2edcd8daf4f1285090273f9a924cc2d2/build/DartConfiguration.tcl
Parse Config file:D:/a/_temp/passvault-windows-after-flush-04-34915384375-1-2edcd8daf4f1285090273f9a924cc2d2/build/DartConfiguration.tcl
UpdateCTestConfiguration  from :D:/a/_temp/passvault-windows-after-flush-04-34915384375-1-2edcd8daf4f1285090273f9a924cc2d2/build/DartConfiguration.tcl
Parse Config file:D:/a/_temp/passvault-windows-after-flush-04-34915384375-1-2edcd8daf4f1285090273f9a924cc2d2/build/DartConfiguration.tcl
Test project D:/a/_temp/passvault-windows-after-flush-04-34915384375-1-2edcd8daf4f1285090273f9a924cc2d2/build
Constructing a list of tests
Done constructing a list of tests
Updating test list for fixtures
Added 0 tests to meet fixture requirements
Checking test dependency graph...
Checking test dependency graph end
test 1
    Start 1: passvault_biometric_windows_after_flush_continue

1: Test command: D:\a\_temp\passvault-windows-after-flush-04-34915384375-1-2edcd8daf4f1285090273f9a924cc2d2\build\Release\passvault_biometric_windows_after_flush_test.exe "--after-flush-case" "continue"
1: Working Directory: D:/a/_temp/passvault-windows-after-flush-04-34915384375-1-2edcd8daf4f1285090273f9a924cc2d2/build
1: Test timeout computed to be: 30
1: PVA036_AFTER_FLUSH case=continue fixture=passvault-after-flush-561c15902c0d5168 root_id=378531080:131072:9338 setup=OWNED
1: PVA036_JOB phase=suspended case=continue total=1 active=1 terminated=0
1: PVA036_JOB phase=settled case=continue total=2 active=0 terminated=0
1: PVA036_AFTER_FLUSH case=continue result=FAIL line=1231 cleanup=HOLD retry=NO
1/1 Test #1: passvault_biometric_windows_after_flush_continue ...***Failed    0.04 sec
PVA036_AFTER_FLUSH case=continue fixture=passvault-after-flush-561c15902c0d5168 root_id=378531080:131072:9338 setup=OWNED
PVA036_JOB phase=suspended case=continue total=1 active=1 terminated=0
PVA036_JOB phase=settled case=continue total=2 active=0 terminated=0
PVA036_AFTER_FLUSH case=continue result=FAIL line=1231 cleanup=HOLD retry=NO


0% tests passed, 1 tests failed out of 1

Total Test time (real) =   0.05 sec

The following tests FAILED:
	  1 - passvault_biometric_windows_after_flush_continue (Failed)
Errors while running CTest
