Sep 14, 2026 5:37:51 PM java.util.prefs.FileSystemPreferences$1 run
INFO: Created user preferences directory.
[SKIKO] warn: Fallback to next API
org.jetbrains.skiko.RenderException: Cannot create Linux GL context
SLF4J: No SLF4J providers were found.
SLF4J: Defaulting to no-operation (NOP) logger implementation
SLF4J: See http://www.slf4j.org/codes.html#noProviders for further details.
MAIN_NAV_DETAIL_READY=false
MAIN_NAV_DETAIL_READY=false
MAIN_NAV_DETAIL_READY=true
MAIN_NAV_DETAIL_READY=true
MAIN_NAV_DETAIL_READY=false
MAIN_NAV_DETAIL_READY=true
MAIN_NAV_DETAIL_READY=false
MAIN_NAV_DETAIL_READY=false
MAIN_NAV_DETAIL_READY=false
MAIN_NAV_DETAIL_READY=true
MAIN_NAV_DETAIL_READY=true
MAIN_NAV_DETAIL_READY=false
MAIN_NAV_DETAIL_READY=true
MAIN_NAV_DETAIL_READY=false
MAIN_NAV_DETAIL_READY=false
MAIN_NAV_DETAIL_READY=false
