{
  "backtraceGraph" : 
  {
    "commands" : 
    [
      "add_test"
    ],
    "files" : 
    [
      "/Users/runner/work/passvault/passvault/app-desktop/native/biometric-bridge/CMakeLists.txt"
    ],
    "nodes" : 
    [
      {
        "file" : 0
      },
      {
        "command" : 0,
        "file" : 0,
        "line" : 57,
        "parent" : 0
      },
      {
        "file" : 0
      },
      {
        "command" : 0,
        "file" : 0,
        "line" : 64,
        "parent" : 2
      },
      {
        "file" : 0
      },
      {
        "command" : 0,
        "file" : 0,
        "line" : 64,
        "parent" : 4
      },
      {
        "file" : 0
      },
      {
        "command" : 0,
        "file" : 0,
        "line" : 64,
        "parent" : 6
      },
      {
        "file" : 0
      },
      {
        "command" : 0,
        "file" : 0,
        "line" : 181,
        "parent" : 8
      }
    ]
  },
  "kind" : "ctestInfo",
  "tests" : 
  [
    {
      "backtrace" : 1,
      "command" : 
      [
        "/Users/runner/work/_temp/passvault-macos-focused-02-34430921453-1-bb3bd531292ec4499b1efd5762835cf3/build/passvault_biometric_macos_security_test"
      ],
      "name" : "passvault_biometric_macos_security",
      "properties" : 
      [
        {
          "name" : "WORKING_DIRECTORY",
          "value" : "/Users/runner/work/_temp/passvault-macos-focused-02-34430921453-1-bb3bd531292ec4499b1efd5762835cf3/build"
        }
      ]
    },
    {
      "backtrace" : 3,
      "command" : 
      [
        "/Users/runner/work/_temp/passvault-macos-focused-02-34430921453-1-bb3bd531292ec4499b1efd5762835cf3/build/passvault_biometric_macos_security_test",
        "--fixture-case",
        "normal"
      ],
      "name" : "passvault_biometric_macos_fixture_normal",
      "properties" : 
      [
        {
          "name" : "WORKING_DIRECTORY",
          "value" : "/Users/runner/work/_temp/passvault-macos-focused-02-34430921453-1-bb3bd531292ec4499b1efd5762835cf3/build"
        }
      ]
    },
    {
      "backtrace" : 5,
      "command" : 
      [
        "/Users/runner/work/_temp/passvault-macos-focused-02-34430921453-1-bb3bd531292ec4499b1efd5762835cf3/build/passvault_biometric_macos_security_test",
        "--fixture-case",
        "early_return"
      ],
      "name" : "passvault_biometric_macos_fixture_early_return",
      "properties" : 
      [
        {
          "name" : "WORKING_DIRECTORY",
          "value" : "/Users/runner/work/_temp/passvault-macos-focused-02-34430921453-1-bb3bd531292ec4499b1efd5762835cf3/build"
        }
      ]
    },
    {
      "backtrace" : 7,
      "command" : 
      [
        "/Users/runner/work/_temp/passvault-macos-focused-02-34430921453-1-bb3bd531292ec4499b1efd5762835cf3/build/passvault_biometric_macos_security_test",
        "--fixture-case",
        "cpp_exception"
      ],
      "name" : "passvault_biometric_macos_fixture_cpp_exception",
      "properties" : 
      [
        {
          "name" : "WORKING_DIRECTORY",
          "value" : "/Users/runner/work/_temp/passvault-macos-focused-02-34430921453-1-bb3bd531292ec4499b1efd5762835cf3/build"
        }
      ]
    },
    {
      "backtrace" : 9,
      "command" : 
      [
        "/Users/runner/work/_temp/passvault-macos-focused-02-34430921453-1-bb3bd531292ec4499b1efd5762835cf3/build/passvault_biometric_abi_test"
      ],
      "name" : "passvault_biometric_abi",
      "properties" : 
      [
        {
          "name" : "WORKING_DIRECTORY",
          "value" : "/Users/runner/work/_temp/passvault-macos-focused-02-34430921453-1-bb3bd531292ec4499b1efd5762835cf3/build"
        }
      ]
    }
  ],
  "version" : 
  {
    "major" : 1,
    "minor" : 0
  }
}