sealed evidence-packs/evidence-001.tar.xz 5423468 bytes 688 blobs
sealed evidence-packs/evidence-002.tar.xz 2929400 bytes 1747 blobs
sealed evidence-packs/evidence-003.tar.xz 236108 bytes 1577 blobs
sealed evidence-packs/evidence-004.tar.xz 327944 bytes 1763 blobs
sealed evidence-packs/evidence-005.tar.xz 396060 bytes 1825 blobs
sealed evidence-packs/evidence-006.tar.xz 286452 bytes 1804 blobs
sealed evidence-packs/evidence-007.tar.xz 282552 bytes 1854 blobs
sealed evidence-packs/evidence-008.tar.xz 199944 bytes 1657 blobs
sealed evidence-packs/evidence-009.tar.xz 1944388 bytes 1728 blobs
sealed evidence-packs/evidence-010.tar.xz 5605652 bytes 1220 blobs
sealed evidence-packs/evidence-011.tar.xz 2811328 bytes 647 blobs
{
  "at": "2026-09-08T06:56:26.665504+00:00",
  "index": {
    "path": "evidence-index.json",
    "bytes": 6048018,
    "sha256": "47a3429d173a5373c7948d579677e1f12a151c54bc7f06b65f7e21ca61e56b70"
  },
  "omissions": {
    "path": "omissions.json",
    "bytes": 57154,
    "sha256": "fd3c648f3e23bbe2bf440fce0e147851ed86a0f4264cee1048513a504e1a00e2"
  },
  "included_paths": 21378,
  "unique_blobs": 16510,
  "omitted_paths": 226,
  "raw_bytes_with_aliases": 836373731,
  "unique_raw_bytes": 689715162,
  "compressed_bytes": 20443296,
  "build_test_application_invocations": 0,
  "cleanup": "No build/runtime outputs created. Evidence packs and source are required deliverables; no original evidence deleted."
}
