{
  "format": 1,
  "at": "2026-09-08T07:33:46.137968+00:00",
  "scope": "Included parseable JSON/JSONL dicts with lowercase64hex sha256 and string path. Deduplicated candidate locators, not per-occurrence resolution or semantic reference closure.",
  "input_bindings": [
    {
      "path": "evidence-index.json",
      "bytes": 6048018,
      "sha256": "47a3429d173a5373c7948d579677e1f12a151c54bc7f06b65f7e21ca61e56b70"
    },
    {
      "path": "omissions.json",
      "bytes": 57154,
      "sha256": "fd3c648f3e23bbe2bf440fce0e147851ed86a0f4264cee1048513a504e1a00e2"
    },
    {
      "path": "current/source-manifest-v12.json",
      "bytes": 169300,
      "sha256": "2f029f9cefd3262313e960b1bcc3cabd875d02ebe31a44e6e78f946bb3e98f1f"
    }
  ],
  "script_binding": {
    "path": "reference_inventory_v3.py",
    "bytes": 10225,
    "sha256": "3bc6a732e30f40ad9dcac19072a1c6dd1c75a34b085cf87c89e0f0c9ac248914"
  },
  "public_baseline": {
    "commit": "0dbc12c7f1b7770e75963c751c8c67af6e8b057a",
    "tree": "20fb8f6f2c6fb11ad99af80c170b4150c16beb6f",
    "git_blobs_read_as_data": 763,
    "buffered_batch_bytes": 13712798
  },
  "method_limits": [
    "Grouped by declared path and digest across contexts. A path/hash locator exists in at least one context, not necessarily every occurrence. Only three example contexts retained; JSONL physical line recorded.",
    "Bytes/mode/range/generation semantics not validated. A range-like descriptor can share a whole-file hash locator without proving its intended referent.",
    "baseline-checkout-CRLF is a suffix-based calculated byte form, not an observed Git checkout or checked attribute policy.",
    "Reads every included JSON/JSONL body and public baseline Git blobs as data; no packed code execution. Stable frozen inputs/path/size envelope supplied externally, not a sandbox implemented by this helper.",
    "No Markdown/free-form/canonical/range digest closure, private-runtime access, physical-device evidence or execution admission."
  ],
  "included_index_paths": 21378,
  "parsed_json_jsonl_files": 15886,
  "unparsed_metadata_files": [
    {
      "path": "remediation-reports/20260905T222925Z/evidence/g8-pagination-navigation-public-sqlite-2.6.2-bundled-src-tree.json",
      "exception_type": "JSONDecodeError",
      "meaning": "Not parsed as strict metadata; raw bytes remain included."
    },
    {
      "path": "remediation-reports/20260905T222925Z/evidence/g8-pagination-navigation-public-sqlite-2.6.2-jni-tree.json",
      "exception_type": "JSONDecodeError",
      "meaning": "Not parsed as strict metadata; raw bytes remain included."
    },
    {
      "path": "remediation-reports/20260905T222925Z/evidence/g8-pagination-navigation-public-sqlite-2.6.2-jvmAndroidMain-tree.json",
      "exception_type": "JSONDecodeError",
      "meaning": "Not parsed as strict metadata; raw bytes remain included."
    },
    {
      "path": "remediation-reports/20260905T222925Z/evidence/g8-pagination-navigation-public-sqlite-2.6.2-nativeInterop-tree.json",
      "exception_type": "JSONDecodeError",
      "meaning": "Not parsed as strict metadata; raw bytes remain included."
    }
  ],
  "distinct_descriptors": 13927,
  "descriptor_occurrences": 266962,
  "counts": {
    "LOCATOR_INCLUDED_HASH_ALIAS_NOT_SAME_PATH": 1027,
    "LOCATOR_G12_RAW_SOURCE_NOT_FRESH_CLONE_PROOF": 536,
    "LOCATOR_INCLUDED_PATH_HASH_IN_AT_LEAST_ONE_CONTEXT": 12134,
    "LOCATOR_BASELINE_GIT_OR_PREDICTED_CRLF_NOT_OBSERVED": 83,
    "UNRESOLVED_OR_EXTERNAL_DESCRIPTOR": 109,
    "WITHHELD_PATH_POLICY_HASH_UNRESOLVED": 31,
    "LOCATOR_EXPLICITLY_WITHHELD_HASH": 7
  },
  "important_limit": "Unresolved descriptors remain visible. This transport inventory is not a claim of complete audit, fully resolved evidence graph, new semantic review or readiness."
}
result_bytes 11439084
